../USB_DEVICE/App/usbd_desc.c:246:11:USBD_HS_DeviceDescriptor	0	static
../USB_DEVICE/App/usbd_desc.c:259:11:USBD_HS_LangIDStrDescriptor	0	static
../USB_DEVICE/App/usbd_desc.c:291:11:USBD_HS_ManufacturerStrDescriptor	8	static
../USB_DEVICE/App/usbd_desc.c:272:11:USBD_HS_ProductStrDescriptor	8	static
../USB_DEVICE/App/usbd_desc.c:325:11:USBD_HS_ConfigStrDescriptor	8	static
../USB_DEVICE/App/usbd_desc.c:344:11:USBD_HS_InterfaceStrDescriptor	8	static
../USB_DEVICE/App/usbd_desc.c:304:11:USBD_HS_SerialStrDescriptor	0	static
../USB_DEVICE/App/usbd_desc.c:364:11:USBD_HS_USR_BOSDescriptor	0	static
