../USB_DEVICE/Target/usbd_conf.c:66:6:HAL_PCD_MspInit	240	static
../USB_DEVICE/Target/usbd_conf.c:126:6:HAL_PCD_MspDeInit	8	static
../USB_DEVICE/Target/usbd_conf.c:160:6:HAL_PCD_SetupStageCallback	0	static
../USB_DEVICE/Target/usbd_conf.c:175:6:HAL_PCD_DataOutStageCallback	0	static
../USB_DEVICE/Target/usbd_conf.c:190:6:HAL_PCD_DataInStageCallback	0	static
../USB_DEVICE/Target/usbd_conf.c:204:6:HAL_PCD_SOFCallback	0	static
../USB_DEVICE/Target/usbd_conf.c:218:6:HAL_PCD_ResetCallback	8	static
../USB_DEVICE/Target/usbd_conf.c:251:6:HAL_PCD_SuspendCallback	8	static
../USB_DEVICE/Target/usbd_conf.c:276:6:HAL_PCD_ResumeCallback	0	static
../USB_DEVICE/Target/usbd_conf.c:294:6:HAL_PCD_ISOOUTIncompleteCallback	0	static
../USB_DEVICE/Target/usbd_conf.c:309:6:HAL_PCD_ISOINIncompleteCallback	0	static
../USB_DEVICE/Target/usbd_conf.c:323:6:HAL_PCD_ConnectCallback	0	static
../USB_DEVICE/Target/usbd_conf.c:337:6:HAL_PCD_DisconnectCallback	0	static
../USB_DEVICE/Target/usbd_conf.c:352:20:USBD_LL_Init	8	static
../USB_DEVICE/Target/usbd_conf.c:405:20:USBD_LL_DeInit	8	static
../USB_DEVICE/Target/usbd_conf.c:422:20:USBD_LL_Start	8	static
../USB_DEVICE/Target/usbd_conf.c:439:20:USBD_LL_Stop	8	static
../USB_DEVICE/Target/usbd_conf.c:459:20:USBD_LL_OpenEP	8	static
../USB_DEVICE/Target/usbd_conf.c:477:20:USBD_LL_CloseEP	8	static
../USB_DEVICE/Target/usbd_conf.c:495:20:USBD_LL_FlushEP	8	static
../USB_DEVICE/Target/usbd_conf.c:513:20:USBD_LL_StallEP	8	static
../USB_DEVICE/Target/usbd_conf.c:531:20:USBD_LL_ClearStallEP	8	static
../USB_DEVICE/Target/usbd_conf.c:549:9:USBD_LL_IsStallEP	0	static
../USB_DEVICE/Target/usbd_conf.c:569:20:USBD_LL_SetUSBAddress	8	static
../USB_DEVICE/Target/usbd_conf.c:589:20:USBD_LL_Transmit	8	static
../USB_DEVICE/Target/usbd_conf.c:609:20:USBD_LL_PrepareReceive	8	static
../USB_DEVICE/Target/usbd_conf.c:627:10:USBD_LL_GetRxDataSize	0	static
../USB_DEVICE/Target/usbd_conf.c:652:7:USBD_static_malloc	0	static
../USB_DEVICE/Target/usbd_conf.c:664:6:USBD_static_free	0	static
../USB_DEVICE/Target/usbd_conf.c:674:6:USBD_LL_Delay	0	static
../USB_DEVICE/Target/usbd_conf.c:684:20:USBD_Get_USB_Status	0	static
