Archive member included to satisfy reference by file (symbol)

C:/ST/STM32CubeIDE_1.19.0/STM32CubeIDE/plugins/com.st.stm32cube.ide.mcu.externaltools.gnu-tools-for-stm32.13.3.rel1.win32_1.0.0.202411081344/tools/bin/../lib/gcc/arm-none-eabi/13.3.1/../../../../arm-none-eabi/lib/thumb/v7e-m+dp/hard\libc_nano.a(libc_a-exit.o)
                              C:/ST/STM32CubeIDE_1.19.0/STM32CubeIDE/plugins/com.st.stm32cube.ide.mcu.externaltools.gnu-tools-for-stm32.13.3.rel1.win32_1.0.0.202411081344/tools/bin/../lib/gcc/arm-none-eabi/13.3.1/../../../../arm-none-eabi/lib/thumb/v7e-m+dp/hard/crt0.o (exit)
C:/ST/STM32CubeIDE_1.19.0/STM32CubeIDE/plugins/com.st.stm32cube.ide.mcu.externaltools.gnu-tools-for-stm32.13.3.rel1.win32_1.0.0.202411081344/tools/bin/../lib/gcc/arm-none-eabi/13.3.1/../../../../arm-none-eabi/lib/thumb/v7e-m+dp/hard\libc_nano.a(libc_a-strtoul.o)
                              ./Core/Src/main.o (strtoul)
C:/ST/STM32CubeIDE_1.19.0/STM32CubeIDE/plugins/com.st.stm32cube.ide.mcu.externaltools.gnu-tools-for-stm32.13.3.rel1.win32_1.0.0.202411081344/tools/bin/../lib/gcc/arm-none-eabi/13.3.1/../../../../arm-none-eabi/lib/thumb/v7e-m+dp/hard\libc_nano.a(libc_a-ctype_.o)
                              C:/ST/STM32CubeIDE_1.19.0/STM32CubeIDE/plugins/com.st.stm32cube.ide.mcu.externaltools.gnu-tools-for-stm32.13.3.rel1.win32_1.0.0.202411081344/tools/bin/../lib/gcc/arm-none-eabi/13.3.1/../../../../arm-none-eabi/lib/thumb/v7e-m+dp/hard\libc_nano.a(libc_a-strtoul.o) (_ctype_)
C:/ST/STM32CubeIDE_1.19.0/STM32CubeIDE/plugins/com.st.stm32cube.ide.mcu.externaltools.gnu-tools-for-stm32.13.3.rel1.win32_1.0.0.202411081344/tools/bin/../lib/gcc/arm-none-eabi/13.3.1/../../../../arm-none-eabi/lib/thumb/v7e-m+dp/hard\libc_nano.a(libc_a-nano-vfprintf_float.o)
                              (_printf_float)
C:/ST/STM32CubeIDE_1.19.0/STM32CubeIDE/plugins/com.st.stm32cube.ide.mcu.externaltools.gnu-tools-for-stm32.13.3.rel1.win32_1.0.0.202411081344/tools/bin/../lib/gcc/arm-none-eabi/13.3.1/../../../../arm-none-eabi/lib/thumb/v7e-m+dp/hard\libc_nano.a(libc_a-nano-vfprintf_i.o)
                              C:/ST/STM32CubeIDE_1.19.0/STM32CubeIDE/plugins/com.st.stm32cube.ide.mcu.externaltools.gnu-tools-for-stm32.13.3.rel1.win32_1.0.0.202411081344/tools/bin/../lib/gcc/arm-none-eabi/13.3.1/../../../../arm-none-eabi/lib/thumb/v7e-m+dp/hard\libc_nano.a(libc_a-nano-vfprintf_float.o) (_printf_common)
C:/ST/STM32CubeIDE_1.19.0/STM32CubeIDE/plugins/com.st.stm32cube.ide.mcu.externaltools.gnu-tools-for-stm32.13.3.rel1.win32_1.0.0.202411081344/tools/bin/../lib/gcc/arm-none-eabi/13.3.1/../../../../arm-none-eabi/lib/thumb/v7e-m+dp/hard\libc_nano.a(libc_a-findfp.o)
                              C:/ST/STM32CubeIDE_1.19.0/STM32CubeIDE/plugins/com.st.stm32cube.ide.mcu.externaltools.gnu-tools-for-stm32.13.3.rel1.win32_1.0.0.202411081344/tools/bin/../lib/gcc/arm-none-eabi/13.3.1/../../../../arm-none-eabi/lib/thumb/v7e-m+dp/hard\libc_nano.a(libc_a-exit.o) (__stdio_exit_handler)
C:/ST/STM32CubeIDE_1.19.0/STM32CubeIDE/plugins/com.st.stm32cube.ide.mcu.externaltools.gnu-tools-for-stm32.13.3.rel1.win32_1.0.0.202411081344/tools/bin/../lib/gcc/arm-none-eabi/13.3.1/../../../../arm-none-eabi/lib/thumb/v7e-m+dp/hard\libc_nano.a(libc_a-fwalk.o)
                              C:/ST/STM32CubeIDE_1.19.0/STM32CubeIDE/plugins/com.st.stm32cube.ide.mcu.externaltools.gnu-tools-for-stm32.13.3.rel1.win32_1.0.0.202411081344/tools/bin/../lib/gcc/arm-none-eabi/13.3.1/../../../../arm-none-eabi/lib/thumb/v7e-m+dp/hard\libc_nano.a(libc_a-findfp.o) (_fwalk_sglue)
C:/ST/STM32CubeIDE_1.19.0/STM32CubeIDE/plugins/com.st.stm32cube.ide.mcu.externaltools.gnu-tools-for-stm32.13.3.rel1.win32_1.0.0.202411081344/tools/bin/../lib/gcc/arm-none-eabi/13.3.1/../../../../arm-none-eabi/lib/thumb/v7e-m+dp/hard\libc_nano.a(libc_a-printf.o)
                              ./Core/Src/ov7670.o (printf)
C:/ST/STM32CubeIDE_1.19.0/STM32CubeIDE/plugins/com.st.stm32cube.ide.mcu.externaltools.gnu-tools-for-stm32.13.3.rel1.win32_1.0.0.202411081344/tools/bin/../lib/gcc/arm-none-eabi/13.3.1/../../../../arm-none-eabi/lib/thumb/v7e-m+dp/hard\libc_nano.a(libc_a-stdio.o)
                              C:/ST/STM32CubeIDE_1.19.0/STM32CubeIDE/plugins/com.st.stm32cube.ide.mcu.externaltools.gnu-tools-for-stm32.13.3.rel1.win32_1.0.0.202411081344/tools/bin/../lib/gcc/arm-none-eabi/13.3.1/../../../../arm-none-eabi/lib/thumb/v7e-m+dp/hard\libc_nano.a(libc_a-findfp.o) (__sread)
C:/ST/STM32CubeIDE_1.19.0/STM32CubeIDE/plugins/com.st.stm32cube.ide.mcu.externaltools.gnu-tools-for-stm32.13.3.rel1.win32_1.0.0.202411081344/tools/bin/../lib/gcc/arm-none-eabi/13.3.1/../../../../arm-none-eabi/lib/thumb/v7e-m+dp/hard\libc_nano.a(libc_a-vsprintf.o)
                              ./Core/Src/main.o (vsprintf)
[...]
Memory Configuration

Name             Origin             Length             Attributes
ITCMRAM          0x00000000         0x00010000         xrw
FLASH            0x08000000         0x00200000         xr
DTCMRAM1         0x20000000         0x00010000         xrw
DTCMRAM2         0x20010000         0x00010000         xrw
RAM              0x24000000         0x00100000         xrw
RAM_CD           0x30000000         0x00020000         xrw
RAM_SRD          0x38000000         0x00008000         xrw
*default*        0x00000000         0xffffffff

Linker script and memory map

LOAD C:/ST/STM32CubeIDE_1.19.0/STM32CubeIDE/plugins/com.st.stm32cube.ide.mcu.externaltools.gnu-tools-for-stm32.13.3.rel1.win32_1.0.0.202411081344/tools/bin/../lib/gcc/arm-none-eabi/13.3.1/thumb/v7e-m+dp/hard/crti.o
LOAD C:/ST/STM32CubeIDE_1.19.0/STM32CubeIDE/plugins/com.st.stm32cube.ide.mcu.externaltools.gnu-tools-for-stm32.13.3.rel1.win32_1.0.0.202411081344/tools/bin/../lib/gcc/arm-none-eabi/13.3.1/thumb/v7e-m+dp/hard/crtbegin.o
LOAD C:/ST/STM32CubeIDE_1.19.0/STM32CubeIDE/plugins/com.st.stm32cube.ide.mcu.externaltools.gnu-tools-for-stm32.13.3.rel1.win32_1.0.0.202411081344/tools/bin/../lib/gcc/arm-none-eabi/13.3.1/../../../../arm-none-eabi/lib/thumb/v7e-m+dp/hard/crt0.o
LOAD ./Core/Src/main.o
LOAD ./Core/Src/ov7670.o
LOAD ./Core/Src/stm32h7xx_hal_msp.o
LOAD ./Core/Src/stm32h7xx_it.o
LOAD ./Core/Src/syscalls.o
LOAD ./Core/Src/sysmem.o
LOAD ./Core/Src/system_stm32h7xx.o
LOAD ./Core/Startup/startup_stm32h7a3zitxq.o
LOAD ./Drivers/STM32H7xx_HAL_Driver/Src/stm32h7xx_hal.o
LOAD ./Drivers/STM32H7xx_HAL_Driver/Src/stm32h7xx_hal_cortex.o
LOAD ./Drivers/STM32H7xx_HAL_Driver/Src/stm32h7xx_hal_dcmi.o
LOAD ./Drivers/STM32H7xx_HAL_Driver/Src/stm32h7xx_hal_dma.o
LOAD ./Drivers/STM32H7xx_HAL_Driver/Src/stm32h7xx_hal_dma_ex.o
LOAD ./Drivers/STM32H7xx_HAL_Driver/Src/stm32h7xx_hal_exti.o
LOAD ./Drivers/STM32H7xx_HAL_Driver/Src/stm32h7xx_hal_flash.o
LOAD ./Drivers/STM32H7xx_HAL_Driver/Src/stm32h7xx_hal_flash_ex.o
LOAD ./Drivers/STM32H7xx_HAL_Driver/Src/stm32h7xx_hal_gpio.o
LOAD ./Drivers/STM32H7xx_HAL_Driver/Src/stm32h7xx_hal_hsem.o
LOAD ./Drivers/STM32H7xx_HAL_Driver/Src/stm32h7xx_hal_i2c.o
LOAD ./Drivers/STM32H7xx_HAL_Driver/Src/stm32h7xx_hal_i2c_ex.o
LOAD ./Drivers/STM32H7xx_HAL_Driver/Src/stm32h7xx_hal_mdma.o
LOAD ./Drivers/STM32H7xx_HAL_Driver/Src/stm32h7xx_hal_pcd.o
LOAD ./Drivers/STM32H7xx_HAL_Driver/Src/stm32h7xx_hal_pcd_ex.o
LOAD ./Drivers/STM32H7xx_HAL_Driver/Src/stm32h7xx_hal_pwr.o
LOAD ./Drivers/STM32H7xx_HAL_Driver/Src/stm32h7xx_hal_pwr_ex.o
LOAD ./Drivers/STM32H7xx_HAL_Driver/Src/stm32h7xx_hal_rcc.o
LOAD ./Drivers/STM32H7xx_HAL_Driver/Src/stm32h7xx_hal_rcc_ex.o
LOAD ./Drivers/STM32H7xx_HAL_Driver/Src/stm32h7xx_hal_tim.o
LOAD ./Drivers/STM32H7xx_HAL_Driver/Src/stm32h7xx_hal_tim_ex.o
LOAD ./Drivers/STM32H7xx_HAL_Driver/Src/stm32h7xx_hal_uart.o
LOAD ./Drivers/STM32H7xx_HAL_Driver/Src/stm32h7xx_hal_uart_ex.o
LOAD ./Drivers/STM32H7xx_HAL_Driver/Src/stm32h7xx_ll_usb.o
LOAD ./Middlewares/ST/STM32_USB_Device_Library/Class/CDC/Src/usbd_cdc.o
LOAD ./Middlewares/ST/STM32_USB_Device_Library/Core/Src/usbd_core.o
LOAD ./Middlewares/ST/STM32_USB_Device_Library/Core/Src/usbd_ctlreq.o
LOAD ./Middlewares/ST/STM32_USB_Device_Library/Core/Src/usbd_ioreq.o
LOAD ./USB_DEVICE/App/usb_device.o
LOAD ./USB_DEVICE/App/usbd_cdc_if.o
LOAD ./USB_DEVICE/App/usbd_desc.o
LOAD ./USB_DEVICE/Target/usbd_conf.o
START GROUP
LOAD C:/ST/STM32CubeIDE_1.19.0/STM32CubeIDE/plugins/com.st.stm32cube.ide.mcu.externaltools.gnu-tools-for-stm32.13.3.rel1.win32_1.0.0.202411081344/tools/bin/../lib/gcc/arm-none-eabi/13.3.1/../../../../arm-none-eabi/lib/thumb/v7e-m+dp/hard\libc_nano.a
LOAD C:/ST/STM32CubeIDE_1.19.0/STM32CubeIDE/plugins/com.st.stm32cube.ide.mcu.externaltools.gnu-tools-for-stm32.13.3.rel1.win32_1.0.0.202411081344/tools/bin/../lib/gcc/arm-none-eabi/13.3.1/../../../../arm-none-eabi/lib/thumb/v7e-m+dp/hard\libm.a
END GROUP
START GROUP
LOAD C:/ST/STM32CubeIDE_1.19.0/STM32CubeIDE/plugins/com.st.stm32cube.ide.mcu.externaltools.gnu-tools-for-stm32.13.3.rel1.win32_1.0.0.202411081344/tools/bin/../lib/gcc/arm-none-eabi/13.3.1/thumb/v7e-m+dp/hard\libgcc.a
LOAD C:/ST/STM32CubeIDE_1.19.0/STM32CubeIDE/plugins/com.st.stm32cube.ide.mcu.externaltools.gnu-tools-for-stm32.13.3.rel1.win32_1.0.0.202411081344/tools/bin/../lib/gcc/arm-none-eabi/13.3.1/../../../../arm-none-eabi/lib/thumb/v7e-m+dp/hard\libc_nano.a
END GROUP
START GROUP
LOAD C:/ST/STM32CubeIDE_1.19.0/STM32CubeIDE/plugins/com.st.stm32cube.ide.mcu.externaltools.gnu-tools-for-stm32.13.3.rel1.win32_1.0.0.202411081344/tools/bin/../lib/gcc/arm-none-eabi/13.3.1/thumb/v7e-m+dp/hard\libgcc.a
LOAD C:/ST/STM32CubeIDE_1.19.0/STM32CubeIDE/plugins/com.st.stm32cube.ide.mcu.externaltools.gnu-tools-for-stm32.13.3.rel1.win32_1.0.0.202411081344/tools/bin/../lib/gcc/arm-none-eabi/13.3.1/../../../../arm-none-eabi/lib/thumb/v7e-m+dp/hard\libc_nano.a
LOAD C:/ST/STM32CubeIDE_1.19.0/STM32CubeIDE/plugins/com.st.stm32cube.ide.mcu.externaltools.gnu-tools-for-stm32.13.3.rel1.win32_1.0.0.202411081344/tools/bin/../lib/gcc/arm-none-eabi/13.3.1/../../../../arm-none-eabi/lib/thumb/v7e-m+dp/hard\libnosys.a
END GROUP
START GROUP
LOAD C:/ST/STM32CubeIDE_1.19.0/STM32CubeIDE/plugins/com.st.stm32cube.ide.mcu.externaltools.gnu-tools-for-stm32.13.3.rel1.win32_1.0.0.202411081344/tools/bin/../lib/gcc/arm-none-eabi/13.3.1/thumb/v7e-m+dp/hard\libgcc.a
LOAD C:/ST/STM32CubeIDE_1.19.0/STM32CubeIDE/plugins/com.st.stm32cube.ide.mcu.externaltools.gnu-tools-for-stm32.13.3.rel1.win32_1.0.0.202411081344/tools/bin/../lib/gcc/arm-none-eabi/13.3.1/../../../../arm-none-eabi/lib/thumb/v7e-m+dp/hard\libc_nano.a
LOAD C:/ST/STM32CubeIDE_1.19.0/STM32CubeIDE/plugins/com.st.stm32cube.ide.mcu.externaltools.gnu-tools-for-stm32.13.3.rel1.win32_1.0.0.202411081344/tools/bin/../lib/gcc/arm-none-eabi/13.3.1/../../../../arm-none-eabi/lib/thumb/v7e-m+dp/hard\libnosys.a
END GROUP
LOAD C:/ST/STM32CubeIDE_1.19.0/STM32CubeIDE/plugins/com.st.stm32cube.ide.mcu.externaltools.gnu-tools-for-stm32.13.3.rel1.win32_1.0.0.202411081344/tools/bin/../lib/gcc/arm-none-eabi/13.3.1/thumb/v7e-m+dp/hard/crtend.o
LOAD C:/ST/STM32CubeIDE_1.19.0/STM32CubeIDE/plugins/com.st.stm32cube.ide.mcu.externaltools.gnu-tools-for-stm32.13.3.rel1.win32_1.0.0.202411081344/tools/bin/../lib/gcc/arm-none-eabi/13.3.1/thumb/v7e-m+dp/hard/crtn.o
                0x24100000                        _estack = (ORIGIN (RAM) + LENGTH (RAM))
                0x00000200                        _Min_Heap_Size = 0x200
                0x00000400                        _Min_Stack_Size = 0x400

.isr_vector     0x08000000      0x2ac
                0x08000000                        . = ALIGN (0x4)
 *(.isr_vector)
 .isr_vector    0x08000000      0x2ac ./Core/Startup/startup_stm32h7a3zitxq.o
                0x08000000                g_pfnVectors
                0x080002ac                        . = ALIGN (0x4)

.text           0x080002b0    0x10518
                0x080002b0                        . = ALIGN (0x4)
 *(.text)
 .text          0x080002b0       0x40 C:/ST/STM32CubeIDE_1.19.0/STM32CubeIDE/plugins/com.st.stm32cube.ide.mcu.externaltools.gnu-tools-for-stm32.13.3.rel1.win32_1.0.0.202411081344/tools/bin/../lib/gcc/arm-none-eabi/13.3.1/thumb/v7e-m+dp/hard/crtbegin.o
 .text          0x080002f0       0xa0 C:/ST/STM32CubeIDE_1.19.0/STM32CubeIDE/plugins/com.st.stm32cube.ide.mcu.externaltools.gnu-tools-for-stm32.13.3.rel1.win32_1.0.0.202411081344/tools/bin/../lib/gcc/arm-none-eabi/13.3.1/../../../../arm-none-eabi/lib/thumb/v7e-m+dp/hard\libc_nano.a(libc_a-memchr.o)
                0x080002f0                memchr
 .text          0x08000390       0x10 C:/ST/STM32CubeIDE_1.19.0/STM32CubeIDE/plugins/com.st.stm32cube.ide.mcu.externaltools.gnu-tools-for-stm32.13.3.rel1.win32_1.0.0.202411081344/tools/bin/../lib/gcc/arm-none-eabi/13.3.1/../../../../arm-none-eabi/lib/thumb/v7e-m+dp/hard\libc_nano.a(libc_a-strlen.o)
                0x08000390                strlen
 .text          0x080003a0      0x378 C:/ST/STM32CubeIDE_1.19.0/STM32CubeIDE/plugins/com.st.stm32cube.ide.mcu.externaltools.gnu-tools-for-stm32.13.3.rel1.win32_1.0.0.202411081344/tools/bin/../lib/gcc/arm-none-eabi/13.3.1/thumb/v7e-m+dp/hard\libgcc.a(_arm_addsubdf3.o)
                0x080003a0                __aeabi_drsub
                0x080003a8                __aeabi_dsub
                0x080003a8                __subdf3
                0x080003ac                __aeabi_dadd
                0x080003ac                __adddf3
                0x08000624                __floatunsidf
                0x08000624                __aeabi_ui2d
                0x08000644                __floatsidf
                0x08000644                __aeabi_i2d
                0x08000668                __aeabi_f2d
                0x08000668                __extendsfdf2
                0x080006ac                __floatundidf
                0x080006ac                __aeabi_ul2d
                0x080006bc                __floatdidf
                0x080006bc                __aeabi_l2d
 .text          0x08000718      0x21c C:/ST/STM32CubeIDE_1.19.0/STM32CubeIDE/plugins/com.st.stm32cube.ide.mcu.externaltools.gnu-tools-for-stm32.13.3.rel1.win32_1.0.0.202411081344/tools/bin/../lib/gcc/arm-none-eabi/13.3.1/thumb/v7e-m+dp/hard\libgcc.a(_arm_addsubsf3.o)
                0x08000718                __aeabi_frsub
                0x08000720                __subsf3
                0x08000720                __aeabi_fsub
                0x08000724                __aeabi_fadd
                0x08000724                __addsf3
                0x08000884                __aeabi_ui2f
                0x08000884                __floatunsisf
                0x0800088c                __aeabi_i2f
                0x0800088c                __floatsisf
                0x080008a8                __aeabi_ul2f
                0x080008a8                __floatundisf
                0x080008b8                __aeabi_l2f
                0x080008b8                __floatdisf
 .text          0x08000934       0x30 C:/ST/STM32CubeIDE_1.19.0/STM32CubeIDE/plugins/com.st.stm32cube.ide.mcu.externaltools.gnu-tools-for-stm32.13.3.rel1.win32_1.0.0.202411081344/tools/bin/../lib/gcc/arm-none-eabi/13.3.1/thumb/v7e-m+dp/hard\libgcc.a(_aeabi_uldivmod.o)
                0x08000934                __aeabi_uldivmod
 .text          0x08000964      0x2f8 C:/ST/STM32CubeIDE_1.19.0/STM32CubeIDE/plugins/com.st.stm32cube.ide.mcu.externaltools.gnu-tools-for-stm32.13.3.rel1.win32_1.0.0.202411081344/tools/bin/../lib/gcc/arm-none-eabi/13.3.1/thumb/v7e-m+dp/hard\libgcc.a(_udivmoddi4.o)
                0x08000964                __udivmoddi4
 .text          0x08000c5c        0x4 C:/ST/STM32CubeIDE_1.19.0/STM32CubeIDE/plugins/com.st.stm32cube.ide.mcu.externaltools.gnu-tools-for-stm32.13.3.rel1.win32_1.0.0.202411081344/tools/bin/../lib/gcc/arm-none-eabi/13.3.1/thumb/v7e-m+dp/hard\libgcc.a(_dvmd_tls.o)
                0x08000c5c                __aeabi_idiv0
                0x08000c5c                __aeabi_ldiv0
 *(.text*)
 .text.SystemClock_Config
                0x08000c60       0xd4 ./Core/Src/main.o
                0x08000c60                SystemClock_Config
 .text.HAL_DCMI_FrameEventCallback
                0x08000d34       0x44 ./Core/Src/main.o
                0x08000d34                HAL_DCMI_FrameEventCallback
 .text.my_printf
                0x08000d78       0x3c ./Core/Src/main.o
                0x08000d78                my_printf
 .text.HAL_GPIO_EXTI_Callback
                0x08000db4       0x3c ./Core/Src/main.o
                0x08000db4                HAL_GPIO_EXTI_Callback
 .text.HAL_DCMI_ErrorCallback
                0x08000df0       0x1c ./Core/Src/main.o
                0x08000df0                HAL_DCMI_ErrorCallback
 *fill*         0x08000e0c        0x4 
 .text.calculate_depth_simple
                0x08000e10       0xbc ./Core/Src/main.o
                0x08000e10                calculate_depth_simple
 .text.save_config
                0x08000ecc       0x64 ./Core/Src/main.o
                0x08000ecc                save_config
 .text.load_config
                0x08000f30      0x140 ./Core/Src/main.o
                0x08000f30                load_config
 .text.apply_mode
                0x08001070       0xcc ./Core/Src/main.o
                0x08001070                apply_mode
 .text.update_frame_interval
                0x0800113c       0x44 ./Core/Src/main.o
                0x0800113c                update_frame_interval
 .text.ParseCommand
                0x08001180      0x778 ./Core/Src/main.o
                0x08001180                ParseCommand
 .text.HAL_UART_RxCpltCallback
                0x080018f8       0x74 ./Core/Src/main.o
                0x080018f8                HAL_UART_RxCpltCallback
 *fill*         0x0800196c        0x4 
 .text.simulate_tof_data
                0x08001970      0x438 ./Core/Src/main.o
                0x08001970                simulate_tof_data
 .text.startup.main
                0x08001da8      0x810 ./Core/Src/main.o
                0x08001da8                main
 .text.Error_Handler
                0x080025b8        0x4 ./Core/Src/main.o
                0x080025b8                Error_Handler
 .text.ov7670_init
                0x080025bc       0xac ./Core/Src/ov7670.o
                0x080025bc                ov7670_init
 .text.ov7670_config
                0x08002668       0x78 ./Core/Src/ov7670.o
                0x08002668                ov7670_config
 .text.ov7670_stopCap
                0x080026e0       0x14 ./Core/Src/ov7670.o
                0x080026e0                ov7670_stopCap
 .text.HAL_DCMI_VsyncEventCallback
                0x080026f4        0x4 ./Core/Src/ov7670.o
                0x080026f4                HAL_DCMI_VsyncEventCallback
 .text.HAL_MspInit
                0x080026f8       0x24 ./Core/Src/stm32h7xx_hal_msp.o
                0x080026f8                HAL_MspInit
 .text.HAL_DCMI_MspInit
                0x0800271c      0x1d4 ./Core/Src/stm32h7xx_hal_msp.o
                0x0800271c                HAL_DCMI_MspInit
 .text.HAL_DCMI_MspDeInit
                0x080028f0       0x80 ./Core/Src/stm32h7xx_hal_msp.o
                0x080028f0                HAL_DCMI_MspDeInit
 .text.HAL_I2C_MspInit
                0x08002970       0xa4 ./Core/Src/stm32h7xx_hal_msp.o
                0x08002970                HAL_I2C_MspInit
 *fill*         0x08002a14        0x4 
 .text.HAL_UART_MspInit
                0x08002a18       0xbc ./Core/Src/stm32h7xx_hal_msp.o
                0x08002a18                HAL_UART_MspInit
 .text.NMI_Handler
                0x08002ad4        0x4 ./Core/Src/stm32h7xx_it.o
                0x08002ad4                NMI_Handler
 .text.HardFault_Handler
                0x08002ad8        0x4 ./Core/Src/stm32h7xx_it.o
                0x08002ad8                HardFault_Handler
 .text.MemManage_Handler
                0x08002adc        0x4 ./Core/Src/stm32h7xx_it.o
                0x08002adc                MemManage_Handler
 .text.BusFault_Handler
                0x08002ae0        0x4 ./Core/Src/stm32h7xx_it.o
                0x08002ae0                BusFault_Handler
 .text.UsageFault_Handler
                0x08002ae4        0x4 ./Core/Src/stm32h7xx_it.o
                0x08002ae4                UsageFault_Handler
 .text.SVC_Handler
                0x08002ae8        0x4 ./Core/Src/stm32h7xx_it.o
                0x08002ae8                SVC_Handler
 .text.DebugMon_Handler
                0x08002aec        0x4 ./Core/Src/stm32h7xx_it.o
                0x08002aec                DebugMon_Handler
 .text.PendSV_Handler
                0x08002af0        0x4 ./Core/Src/stm32h7xx_it.o
                0x08002af0                PendSV_Handler
 .text.SysTick_Handler
                0x08002af4        0x4 ./Core/Src/stm32h7xx_it.o
                0x08002af4                SysTick_Handler
 .text.DMA1_Stream0_IRQHandler
                0x08002af8        0xc ./Core/Src/stm32h7xx_it.o
                0x08002af8                DMA1_Stream0_IRQHandler
 .text.USART3_IRQHandler
                0x08002b04        0xc ./Core/Src/stm32h7xx_it.o
                0x08002b04                USART3_IRQHandler
 .text.EXTI15_10_IRQHandler
                0x08002b10        0x8 ./Core/Src/stm32h7xx_it.o
                0x08002b10                EXTI15_10_IRQHandler
 .text.OTG_HS_IRQHandler
                0x08002b18        0xc ./Core/Src/stm32h7xx_it.o
                0x08002b18                OTG_HS_IRQHandler
 .text.DCMI_PSSI_IRQHandler
                0x08002b24        0xc ./Core/Src/stm32h7xx_it.o
                0x08002b24                DCMI_PSSI_IRQHandler
 .text._getpid  0x08002b30        0x4 ./Core/Src/syscalls.o
                0x08002b30                _getpid
 .text._kill    0x08002b34       0x14 ./Core/Src/syscalls.o
                0x08002b34                _kill
 .text._exit    0x08002b48        0xc ./Core/Src/syscalls.o
                0x08002b48                _exit
 .text._read    0x08002b54       0x1c ./Core/Src/syscalls.o
                0x08002b54                _read
 .text._write   0x08002b70       0x1c ./Core/Src/syscalls.o
                0x08002b70                _write
 .text._close   0x08002b8c        0x8 ./Core/Src/syscalls.o
                0x08002b8c                _close
 .text._fstat   0x08002b94        0xc ./Core/Src/syscalls.o
                0x08002b94                _fstat
 .text._isatty  0x08002ba0        0x4 ./Core/Src/syscalls.o
                0x08002ba0                _isatty
 .text._lseek   0x08002ba4        0x4 ./Core/Src/syscalls.o
                0x08002ba4                _lseek
 .text._sbrk    0x08002ba8       0x48 ./Core/Src/sysmem.o
                0x08002ba8                _sbrk
 .text.SystemInit
                0x08002bf0       0xcc ./Core/Src/system_stm32h7xx.o
                0x08002bf0                SystemInit
 .text.ExitRun0Mode
                0x08002cbc       0x18 ./Core/Src/system_stm32h7xx.o
                0x08002cbc                ExitRun0Mode
 .text.Reset_Handler
                0x08002cd4       0x54 ./Core/Startup/startup_stm32h7a3zitxq.o
                0x08002cd4                Reset_Handler
 .text.Default_Handler
                0x08002d28        0x2 ./Core/Startup/startup_stm32h7a3zitxq.o
                0x08002d28                RTC_Alarm_IRQHandler
                0x08002d28                EXTI2_IRQHandler
                0x08002d28                TIM8_CC_IRQHandler
                0x08002d28                UART8_IRQHandler
                0x08002d28                BDMA2_Channel1_IRQHandler
                0x08002d28                SPI4_IRQHandler
                0x08002d28                BDMA2_Channel0_IRQHandler
                0x08002d28                TIM1_CC_IRQHandler
                0x08002d28                DMA2_Stream5_IRQHandler
                0x08002d28                JPEG_IRQHandler
                0x08002d28                DMA1_Stream5_IRQHandler
                0x08002d28                EXTI3_IRQHandler
                0x08002d28                LPTIM4_IRQHandler
                0x08002d28                TIM8_TRG_COM_TIM14_IRQHandler
                0x08002d28                LPTIM2_IRQHandler
                0x08002d28                DFSDM1_FLT1_IRQHandler
                0x08002d28                DMAMUX2_OVR_IRQHandler
                0x08002d28                GFXMMU_IRQHandler
                0x08002d28                TIM8_UP_TIM13_IRQHandler
                0x08002d28                I2C3_ER_IRQHandler
                0x08002d28                DFSDM1_FLT2_IRQHandler
                0x08002d28                USART10_IRQHandler
                0x08002d28                MDMA_IRQHandler
                0x08002d28                LPTIM3_IRQHandler
                0x08002d28                BDMA2_Channel3_IRQHandler
                0x08002d28                HSEM1_IRQHandler
                0x08002d28                EXTI0_IRQHandler
                0x08002d28                I2C2_EV_IRQHandler
                0x08002d28                DAC2_IRQHandler
                0x08002d28                DMA1_Stream2_IRQHandler
                0x08002d28                FPU_IRQHandler
                0x08002d28                OTG_HS_WKUP_IRQHandler
                0x08002d28                FDCAN1_IT1_IRQHandler
                0x08002d28                LTDC_ER_IRQHandler
                0x08002d28                DMA2_Stream2_IRQHandler
                0x08002d28                SPI1_IRQHandler
                0x08002d28                OCTOSPI1_IRQHandler
                0x08002d28                TIM6_DAC_IRQHandler
                0x08002d28                BDMA2_Channel6_IRQHandler
                0x08002d28                DMA2_Stream3_IRQHandler
                0x08002d28                OCTOSPI2_IRQHandler
                0x08002d28                SAI2_IRQHandler
                0x08002d28                BDMA1_IRQHandler
                0x08002d28                DFSDM1_FLT3_IRQHandler
                0x08002d28                USART6_IRQHandler
                0x08002d28                TIM17_IRQHandler
                0x08002d28                LPTIM5_IRQHandler
                0x08002d28                UART5_IRQHandler
                0x08002d28                DMA2_Stream0_IRQHandler
                0x08002d28                TIM4_IRQHandler
                0x08002d28                I2C1_EV_IRQHandler
                0x08002d28                DMA1_Stream6_IRQHandler
                0x08002d28                DMAMUX1_OVR_IRQHandler
                0x08002d28                DMA1_Stream1_IRQHandler
                0x08002d28                TIM16_IRQHandler
                0x08002d28                UART4_IRQHandler
                0x08002d28                TIM3_IRQHandler
                0x08002d28                RCC_IRQHandler
                0x08002d28                UART9_IRQHandler
                0x08002d28                TIM8_BRK_TIM12_IRQHandler
                0x08002d28                TIM1_TRG_COM_IRQHandler
                0x08002d28                Default_Handler
                0x08002d28                ECC_IRQHandler
                0x08002d28                BDMA2_Channel2_IRQHandler
                0x08002d28                CEC_IRQHandler
                0x08002d28                DFSDM1_FLT4_IRQHandler
                0x08002d28                ADC_IRQHandler
                0x08002d28                DMA1_Stream7_IRQHandler
                0x08002d28                SPI5_IRQHandler
                0x08002d28                TIM7_IRQHandler
                0x08002d28                SDMMC1_IRQHandler
                0x08002d28                TIM5_IRQHandler
                0x08002d28                DMA2_Stream7_IRQHandler
                0x08002d28                TIM15_IRQHandler
                0x08002d28                I2C3_EV_IRQHandler
                0x08002d28                DFSDM2_IRQHandler
                0x08002d28                EXTI9_5_IRQHandler
                0x08002d28                RTC_WKUP_IRQHandler
                0x08002d28                LTDC_IRQHandler
                0x08002d28                SPDIF_RX_IRQHandler
                0x08002d28                PVD_PVM_IRQHandler
                0x08002d28                SPI2_IRQHandler
                0x08002d28                OTG_HS_EP1_IN_IRQHandler
                0x08002d28                DFSDM1_FLT5_IRQHandler
                0x08002d28                CRS_IRQHandler
                0x08002d28                EXTI4_IRQHandler
                0x08002d28                DFSDM1_FLT6_IRQHandler
                0x08002d28                RNG_IRQHandler
                0x08002d28                FDCAN2_IT1_IRQHandler
                0x08002d28                COMP_IRQHandler
                0x08002d28                TIM1_UP_IRQHandler
                0x08002d28                OTG_HS_EP1_OUT_IRQHandler
                0x08002d28                WWDG_IRQHandler
                0x08002d28                SPI6_IRQHandler
                0x08002d28                MDIOS_IRQHandler
                0x08002d28                I2C4_EV_IRQHandler
                0x08002d28                FDCAN2_IT0_IRQHandler
                0x08002d28                LPUART1_IRQHandler
                0x08002d28                FDCAN1_IT0_IRQHandler
                0x08002d28                TIM2_IRQHandler
                0x08002d28                BDMA2_Channel5_IRQHandler
                0x08002d28                DMA2D_IRQHandler
                0x08002d28                TIM1_BRK_IRQHandler
                0x08002d28                EXTI1_IRQHandler
                0x08002d28                SDMMC2_IRQHandler
                0x08002d28                DTS_IRQHandler
                0x08002d28                UART7_IRQHandler
                0x08002d28                MDIOS_WKUP_IRQHandler
                0x08002d28                USART2_IRQHandler
                0x08002d28                DFSDM1_FLT0_IRQHandler
                0x08002d28                I2C2_ER_IRQHandler
                0x08002d28                DMA2_Stream1_IRQHandler
                0x08002d28                DFSDM1_FLT7_IRQHandler
                0x08002d28                FLASH_IRQHandler
                0x08002d28                DMA2_Stream4_IRQHandler
                0x08002d28                USART1_IRQHandler
                0x08002d28                SPI3_IRQHandler
                0x08002d28                WAKEUP_PIN_IRQHandler
                0x08002d28                DMA1_Stream4_IRQHandler
                0x08002d28                I2C1_ER_IRQHandler
                0x08002d28                FMC_IRQHandler
                0x08002d28                BDMA2_Channel7_IRQHandler
                0x08002d28                FDCAN_CAL_IRQHandler
                0x08002d28                SWPMI1_IRQHandler
                0x08002d28                LPTIM1_IRQHandler
                0x08002d28                I2C4_ER_IRQHandler
                0x08002d28                DMA2_Stream6_IRQHandler
                0x08002d28                SAI1_IRQHandler
                0x08002d28                DMA1_Stream3_IRQHandler
                0x08002d28                RTC_TAMP_STAMP_CSS_LSE_IRQHandler
                0x08002d28                BDMA2_Channel4_IRQHandler
 *fill*         0x08002d2a        0x2 
 .text.HAL_InitTick
                0x08002d2c       0x4c ./Drivers/STM32H7xx_HAL_Driver/Src/stm32h7xx_hal.o
                0x08002d2c                HAL_InitTick
 .text.HAL_Init
                0x08002d78       0x60 ./Drivers/STM32H7xx_HAL_Driver/Src/stm32h7xx_hal.o
                0x08002d78                HAL_Init
 .text.HAL_IncTick
                0x08002dd8       0x18 ./Drivers/STM32H7xx_HAL_Driver/Src/stm32h7xx_hal.o
                0x08002dd8                HAL_IncTick
 .text.HAL_GetTick
                0x08002df0        0xc ./Drivers/STM32H7xx_HAL_Driver/Src/stm32h7xx_hal.o
                0x08002df0                HAL_GetTick
 .text.HAL_Delay
                0x08002dfc       0x24 ./Drivers/STM32H7xx_HAL_Driver/Src/stm32h7xx_hal.o
                0x08002dfc                HAL_Delay
 .text.HAL_NVIC_SetPriorityGrouping
                0x08002e20       0x24 ./Drivers/STM32H7xx_HAL_Driver/Src/stm32h7xx_hal_cortex.o
                0x08002e20                HAL_NVIC_SetPriorityGrouping
 .text.HAL_NVIC_SetPriority
                0x08002e44       0x78 ./Drivers/STM32H7xx_HAL_Driver/Src/stm32h7xx_hal_cortex.o
                0x08002e44                HAL_NVIC_SetPriority
 .text.HAL_NVIC_EnableIRQ
                0x08002ebc       0x1c ./Drivers/STM32H7xx_HAL_Driver/Src/stm32h7xx_hal_cortex.o
                0x08002ebc                HAL_NVIC_EnableIRQ
 .text.HAL_NVIC_DisableIRQ
                0x08002ed8       0x24 ./Drivers/STM32H7xx_HAL_Driver/Src/stm32h7xx_hal_cortex.o
                0x08002ed8                HAL_NVIC_DisableIRQ
 .text.HAL_SYSTICK_Config
                0x08002efc       0x2c ./Drivers/STM32H7xx_HAL_Driver/Src/stm32h7xx_hal_cortex.o
                0x08002efc                HAL_SYSTICK_Config
 .text.HAL_MPU_Disable
                0x08002f28       0x1c ./Drivers/STM32H7xx_HAL_Driver/Src/stm32h7xx_hal_cortex.o
                0x08002f28                HAL_MPU_Disable
 .text.HAL_MPU_Enable
                0x08002f44       0x20 ./Drivers/STM32H7xx_HAL_Driver/Src/stm32h7xx_hal_cortex.o
                0x08002f44                HAL_MPU_Enable
 .text.HAL_MPU_ConfigRegion
                0x08002f64       0x60 ./Drivers/STM32H7xx_HAL_Driver/Src/stm32h7xx_hal_cortex.o
                0x08002f64                HAL_MPU_ConfigRegion
 .text.DCMI_DMAXferCplt
                0x08002fc4       0x88 ./Drivers/STM32H7xx_HAL_Driver/Src/stm32h7xx_hal_dcmi.o
 .text.HAL_DCMI_Init
                0x0800304c       0x9c ./Drivers/STM32H7xx_HAL_Driver/Src/stm32h7xx_hal_dcmi.o
                0x0800304c                HAL_DCMI_Init
 .text.HAL_DCMI_DeInit
                0x080030e8       0x18 ./Drivers/STM32H7xx_HAL_Driver/Src/stm32h7xx_hal_dcmi.o
                0x080030e8                HAL_DCMI_DeInit
 .text.HAL_DCMI_Start_DMA
                0x08003100      0x100 ./Drivers/STM32H7xx_HAL_Driver/Src/stm32h7xx_hal_dcmi.o
                0x08003100                HAL_DCMI_Start_DMA
 .text.HAL_DCMI_Stop
                0x08003200       0x84 ./Drivers/STM32H7xx_HAL_Driver/Src/stm32h7xx_hal_dcmi.o
                0x08003200                HAL_DCMI_Stop
 .text.DCMI_DMAError
                0x08003284       0x20 ./Drivers/STM32H7xx_HAL_Driver/Src/stm32h7xx_hal_dcmi.o
 .text.HAL_DCMI_LineEventCallback
                0x080032a4        0x4 ./Drivers/STM32H7xx_HAL_Driver/Src/stm32h7xx_hal_dcmi.o
                0x080032a4                HAL_DCMI_LineEventCallback
 .text.HAL_DCMI_IRQHandler
                0x080032a8       0x9c ./Drivers/STM32H7xx_HAL_Driver/Src/stm32h7xx_hal_dcmi.o
                0x080032a8                HAL_DCMI_IRQHandler
 .text.HAL_DCMI_GetError
                0x08003344        0x4 ./Drivers/STM32H7xx_HAL_Driver/Src/stm32h7xx_hal_dcmi.o
                0x08003344                HAL_DCMI_GetError
 .text.DMA_CalcBaseAndBitshift
                0x08003348      0x100 ./Drivers/STM32H7xx_HAL_Driver/Src/stm32h7xx_hal_dma.o
 .text.DMA_CalcDMAMUXChannelBaseAndMask
                0x08003448       0xd4 ./Drivers/STM32H7xx_HAL_Driver/Src/stm32h7xx_hal_dma.o
 .text.HAL_DMA_Init
                0x0800351c      0x584 ./Drivers/STM32H7xx_HAL_Driver/Src/stm32h7xx_hal_dma.o
                0x0800351c                HAL_DMA_Init
 .text.HAL_DMA_DeInit
                0x08003aa0      0x480 ./Drivers/STM32H7xx_HAL_Driver/Src/stm32h7xx_hal_dma.o
                0x08003aa0                HAL_DMA_DeInit
 .text.HAL_DMA_Start_IT
                0x08003f20      0x6d0 ./Drivers/STM32H7xx_HAL_Driver/Src/stm32h7xx_hal_dma.o
                0x08003f20                HAL_DMA_Start_IT
 .text.HAL_DMA_Abort
                0x080045f0      0x36c ./Drivers/STM32H7xx_HAL_Driver/Src/stm32h7xx_hal_dma.o
                0x080045f0                HAL_DMA_Abort
 .text.HAL_DMA_Abort_IT
                0x0800495c      0x194 ./Drivers/STM32H7xx_HAL_Driver/Src/stm32h7xx_hal_dma.o
                0x0800495c                HAL_DMA_Abort_IT
 .text.HAL_DMA_IRQHandler
                0x08004af0      0x480 ./Drivers/STM32H7xx_HAL_Driver/Src/stm32h7xx_hal_dma.o
                0x08004af0                HAL_DMA_IRQHandler
 .text.DMA_MultiBufferSetConfig
                0x08004f70       0x1c ./Drivers/STM32H7xx_HAL_Driver/Src/stm32h7xx_hal_dma_ex.o
 .text.HAL_DMAEx_MultiBufferStart_IT
                0x08004f8c      0x2ec ./Drivers/STM32H7xx_HAL_Driver/Src/stm32h7xx_hal_dma_ex.o
                0x08004f8c                HAL_DMAEx_MultiBufferStart_IT
 .text.HAL_DMAEx_ChangeMemory
                0x08005278       0x1c ./Drivers/STM32H7xx_HAL_Driver/Src/stm32h7xx_hal_dma_ex.o
                0x08005278                HAL_DMAEx_ChangeMemory
 .text.FLASH_WaitForLastOperation.constprop.0
                0x08005294       0xa8 ./Drivers/STM32H7xx_HAL_Driver/Src/stm32h7xx_hal_flash.o
 .text.HAL_FLASH_Program
                0x0800533c      0x10c ./Drivers/STM32H7xx_HAL_Driver/Src/stm32h7xx_hal_flash.o
                0x0800533c                HAL_FLASH_Program
 .text.HAL_FLASH_Unlock
                0x08005448       0x4c ./Drivers/STM32H7xx_HAL_Driver/Src/stm32h7xx_hal_flash.o
                0x08005448                HAL_FLASH_Unlock
 .text.HAL_FLASH_Lock
                0x08005494       0x30 ./Drivers/STM32H7xx_HAL_Driver/Src/stm32h7xx_hal_flash.o
                0x08005494                HAL_FLASH_Lock
 .text.FLASH_WaitForLastOperation
                0x080054c4       0xc8 ./Drivers/STM32H7xx_HAL_Driver/Src/stm32h7xx_hal_flash.o
                0x080054c4                FLASH_WaitForLastOperation
 .text.HAL_FLASHEx_Erase
                0x0800558c      0x1d8 ./Drivers/STM32H7xx_HAL_Driver/Src/stm32h7xx_hal_flash_ex.o
                0x0800558c                HAL_FLASHEx_Erase
 .text.HAL_GPIO_Init
                0x08005764      0x40c ./Drivers/STM32H7xx_HAL_Driver/Src/stm32h7xx_hal_gpio.o
                0x08005764                HAL_GPIO_Init
 .text.HAL_GPIO_DeInit
                0x08005b70      0x260 ./Drivers/STM32H7xx_HAL_Driver/Src/stm32h7xx_hal_gpio.o
                0x08005b70                HAL_GPIO_DeInit
 .text.HAL_GPIO_WritePin
                0x08005dd0        0x8 ./Drivers/STM32H7xx_HAL_Driver/Src/stm32h7xx_hal_gpio.o
                0x08005dd0                HAL_GPIO_WritePin
 .text.HAL_GPIO_EXTI_IRQHandler
                0x08005dd8       0x1c ./Drivers/STM32H7xx_HAL_Driver/Src/stm32h7xx_hal_gpio.o
                0x08005dd8                HAL_GPIO_EXTI_IRQHandler
 .text.I2C_WaitOnFlagUntilTimeout.constprop.0
                0x08005df4      0x140 ./Drivers/STM32H7xx_HAL_Driver/Src/stm32h7xx_hal_i2c.o
 .text.I2C_WaitOnTXISFlagUntilTimeout
                0x08005f34      0x16c ./Drivers/STM32H7xx_HAL_Driver/Src/stm32h7xx_hal_i2c.o
 .text.I2C_WaitOnFlagUntilTimeout
                0x080060a0      0x198 ./Drivers/STM32H7xx_HAL_Driver/Src/stm32h7xx_hal_i2c.o
 .text.I2C_WaitOnSTOPFlagUntilTimeout
                0x08006238      0x16c ./Drivers/STM32H7xx_HAL_Driver/Src/stm32h7xx_hal_i2c.o
 .text.I2C_WaitOnRXNEFlagUntilTimeout
                0x080063a4      0x1bc ./Drivers/STM32H7xx_HAL_Driver/Src/stm32h7xx_hal_i2c.o
 .text.HAL_I2C_Init
                0x08006560       0xb4 ./Drivers/STM32H7xx_HAL_Driver/Src/stm32h7xx_hal_i2c.o
                0x08006560                HAL_I2C_Init
 .text.HAL_I2C_Master_Transmit
                0x08006614      0x308 ./Drivers/STM32H7xx_HAL_Driver/Src/stm32h7xx_hal_i2c.o
                0x08006614                HAL_I2C_Master_Transmit
 .text.HAL_I2C_Master_Receive
                0x0800691c      0x180 ./Drivers/STM32H7xx_HAL_Driver/Src/stm32h7xx_hal_i2c.o
                0x0800691c                HAL_I2C_Master_Receive
 .text.HAL_I2C_Mem_Write
                0x08006a9c      0x1fc ./Drivers/STM32H7xx_HAL_Driver/Src/stm32h7xx_hal_i2c.o
                0x08006a9c                HAL_I2C_Mem_Write
 .text.HAL_I2CEx_ConfigAnalogFilter
                0x08006c98       0x54 ./Drivers/STM32H7xx_HAL_Driver/Src/stm32h7xx_hal_i2c_ex.o
                0x08006c98                HAL_I2CEx_ConfigAnalogFilter
 .text.HAL_I2CEx_ConfigDigitalFilter
                0x08006cec       0x58 ./Drivers/STM32H7xx_HAL_Driver/Src/stm32h7xx_hal_i2c_ex.o
                0x08006cec                HAL_I2CEx_ConfigDigitalFilter
 .text.HAL_PCD_Init
                0x08006d44      0x410 ./Drivers/STM32H7xx_HAL_Driver/Src/stm32h7xx_hal_pcd.o
                0x08006d44                HAL_PCD_Init
 .text.HAL_PCD_Start
                0x08007154       0x44 ./Drivers/STM32H7xx_HAL_Driver/Src/stm32h7xx_hal_pcd.o
                0x08007154                HAL_PCD_Start
 .text.HAL_PCD_IRQHandler
                0x08007198      0xb3c ./Drivers/STM32H7xx_HAL_Driver/Src/stm32h7xx_hal_pcd.o
                0x08007198                HAL_PCD_IRQHandler
 .text.HAL_PCD_SetAddress
                0x08007cd4       0x28 ./Drivers/STM32H7xx_HAL_Driver/Src/stm32h7xx_hal_pcd.o
                0x08007cd4                HAL_PCD_SetAddress
 .text.HAL_PCD_EP_Open
                0x08007cfc       0x80 ./Drivers/STM32H7xx_HAL_Driver/Src/stm32h7xx_hal_pcd.o
                0x08007cfc                HAL_PCD_EP_Open
 .text.HAL_PCD_EP_Close
                0x08007d7c       0x70 ./Drivers/STM32H7xx_HAL_Driver/Src/stm32h7xx_hal_pcd.o
                0x08007d7c                HAL_PCD_EP_Close
 .text.HAL_PCD_EP_Receive
                0x08007dec       0x44 ./Drivers/STM32H7xx_HAL_Driver/Src/stm32h7xx_hal_pcd.o
                0x08007dec                HAL_PCD_EP_Receive
 .text.HAL_PCD_EP_GetRxCount
                0x08007e30       0x14 ./Drivers/STM32H7xx_HAL_Driver/Src/stm32h7xx_hal_pcd.o
                0x08007e30                HAL_PCD_EP_GetRxCount
 .text.HAL_PCD_EP_Transmit
                0x08007e44       0x44 ./Drivers/STM32H7xx_HAL_Driver/Src/stm32h7xx_hal_pcd.o
                0x08007e44                HAL_PCD_EP_Transmit
 .text.HAL_PCD_EP_SetStall
                0x08007e88       0x88 ./Drivers/STM32H7xx_HAL_Driver/Src/stm32h7xx_hal_pcd.o
                0x08007e88                HAL_PCD_EP_SetStall
 .text.HAL_PCD_EP_ClrStall
                0x08007f10       0x78 ./Drivers/STM32H7xx_HAL_Driver/Src/stm32h7xx_hal_pcd.o
                0x08007f10                HAL_PCD_EP_ClrStall
 .text.HAL_PCDEx_SetTxFiFo
                0x08007f88      0x104 ./Drivers/STM32H7xx_HAL_Driver/Src/stm32h7xx_hal_pcd_ex.o
                0x08007f88                HAL_PCDEx_SetTxFiFo
 .text.HAL_PCDEx_SetRxFiFo
                0x0800808c        0xc ./Drivers/STM32H7xx_HAL_Driver/Src/stm32h7xx_hal_pcd_ex.o
                0x0800808c                HAL_PCDEx_SetRxFiFo
 .text.HAL_PCDEx_ActivateLPM
                0x08008098       0x30 ./Drivers/STM32H7xx_HAL_Driver/Src/stm32h7xx_hal_pcd_ex.o
                0x08008098                HAL_PCDEx_ActivateLPM
 .text.HAL_PCDEx_LPM_Callback
                0x080080c8        0x4 ./Drivers/STM32H7xx_HAL_Driver/Src/stm32h7xx_hal_pcd_ex.o
                0x080080c8                HAL_PCDEx_LPM_Callback
 .text.HAL_PWREx_ConfigSupply
                0x080080cc       0x74 ./Drivers/STM32H7xx_HAL_Driver/Src/stm32h7xx_hal_pwr_ex.o
                0x080080cc                HAL_PWREx_ConfigSupply
 .text.HAL_PWREx_EnableUSBVoltageDetector
                0x08008140       0x10 ./Drivers/STM32H7xx_HAL_Driver/Src/stm32h7xx_hal_pwr_ex.o
                0x08008140                HAL_PWREx_EnableUSBVoltageDetector
 .text.HAL_RCC_GetSysClockFreq.part.0
                0x08008150       0xe4 ./Drivers/STM32H7xx_HAL_Driver/Src/stm32h7xx_hal_rcc.o
 .text.HAL_RCC_OscConfig
                0x08008234      0x5c4 ./Drivers/STM32H7xx_HAL_Driver/Src/stm32h7xx_hal_rcc.o
                0x08008234                HAL_RCC_OscConfig
 .text.HAL_RCC_MCOConfig
                0x080087f8       0xa4 ./Drivers/STM32H7xx_HAL_Driver/Src/stm32h7xx_hal_rcc.o
                0x080087f8                HAL_RCC_MCOConfig
 .text.HAL_RCC_GetSysClockFreq
                0x0800889c      0x11c ./Drivers/STM32H7xx_HAL_Driver/Src/stm32h7xx_hal_rcc.o
                0x0800889c                HAL_RCC_GetSysClockFreq
 .text.HAL_RCC_ClockConfig
                0x080089b8      0x254 ./Drivers/STM32H7xx_HAL_Driver/Src/stm32h7xx_hal_rcc.o
                0x080089b8                HAL_RCC_ClockConfig
 .text.HAL_RCC_GetHCLKFreq
                0x08008c0c       0x80 ./Drivers/STM32H7xx_HAL_Driver/Src/stm32h7xx_hal_rcc.o
                0x08008c0c                HAL_RCC_GetHCLKFreq
 .text.HAL_RCC_GetPCLK1Freq
                0x08008c8c       0x90 ./Drivers/STM32H7xx_HAL_Driver/Src/stm32h7xx_hal_rcc.o
                0x08008c8c                HAL_RCC_GetPCLK1Freq
 .text.HAL_RCC_GetPCLK2Freq
                0x08008d1c       0x90 ./Drivers/STM32H7xx_HAL_Driver/Src/stm32h7xx_hal_rcc.o
                0x08008d1c                HAL_RCC_GetPCLK2Freq
 .text.RCCEx_PLL2_Config.part.0
                0x08008dac       0xe0 ./Drivers/STM32H7xx_HAL_Driver/Src/stm32h7xx_hal_rcc_ex.o
 .text.RCCEx_PLL3_Config.part.0
                0x08008e8c       0xe0 ./Drivers/STM32H7xx_HAL_Driver/Src/stm32h7xx_hal_rcc_ex.o
 .text.HAL_RCCEx_PeriphCLKConfig
                0x08008f6c      0xdfc ./Drivers/STM32H7xx_HAL_Driver/Src/stm32h7xx_hal_rcc_ex.o
                0x08008f6c                HAL_RCCEx_PeriphCLKConfig
 .text.HAL_RCCEx_GetD3PCLK1Freq
                0x08009d68       0x24 ./Drivers/STM32H7xx_HAL_Driver/Src/stm32h7xx_hal_rcc_ex.o
                0x08009d68                HAL_RCCEx_GetD3PCLK1Freq
 .text.HAL_RCCEx_GetPLL2ClockFreq
                0x08009d8c      0x134 ./Drivers/STM32H7xx_HAL_Driver/Src/stm32h7xx_hal_rcc_ex.o
                0x08009d8c                HAL_RCCEx_GetPLL2ClockFreq
 .text.HAL_RCCEx_GetPLL3ClockFreq
                0x08009ec0      0x134 ./Drivers/STM32H7xx_HAL_Driver/Src/stm32h7xx_hal_rcc_ex.o
                0x08009ec0                HAL_RCCEx_GetPLL3ClockFreq
 .text.HAL_UART_Transmit
                0x08009ff4      0x12c ./Drivers/STM32H7xx_HAL_Driver/Src/stm32h7xx_hal_uart.o
                0x08009ff4                HAL_UART_Transmit
 .text.HAL_UART_Receive_IT
                0x0800a120      0x190 ./Drivers/STM32H7xx_HAL_Driver/Src/stm32h7xx_hal_uart.o
                0x0800a120                HAL_UART_Receive_IT
 .text.HAL_UART_TxCpltCallback
                0x0800a2b0        0x4 ./Drivers/STM32H7xx_HAL_Driver/Src/stm32h7xx_hal_uart.o
                0x0800a2b0                HAL_UART_TxCpltCallback
 .text.HAL_UART_ErrorCallback
                0x0800a2b4        0x4 ./Drivers/STM32H7xx_HAL_Driver/Src/stm32h7xx_hal_uart.o
                0x0800a2b4                HAL_UART_ErrorCallback
 .text.UART_DMAAbortOnError
                0x0800a2b8       0x10 ./Drivers/STM32H7xx_HAL_Driver/Src/stm32h7xx_hal_uart.o
 .text.HAL_UARTEx_RxEventCallback
                0x0800a2c8        0x4 ./Drivers/STM32H7xx_HAL_Driver/Src/stm32h7xx_hal_uart.o
                0x0800a2c8                HAL_UARTEx_RxEventCallback
 .text.HAL_UART_IRQHandler
                0x0800a2cc      0x3a8 ./Drivers/STM32H7xx_HAL_Driver/Src/stm32h7xx_hal_uart.o
                0x0800a2cc                HAL_UART_IRQHandler
 .text.UART_RxISR_8BIT.part.0
                0x0800a674       0x9c ./Drivers/STM32H7xx_HAL_Driver/Src/stm32h7xx_hal_uart.o
 .text.UART_RxISR_16BIT
                0x0800a710       0x48 ./Drivers/STM32H7xx_HAL_Driver/Src/stm32h7xx_hal_uart.o
 .text.UART_RxISR_8BIT
                0x0800a758       0x44 ./Drivers/STM32H7xx_HAL_Driver/Src/stm32h7xx_hal_uart.o
 .text.UART_RxISR_8BIT_FIFOEN
                0x0800a79c      0x228 ./Drivers/STM32H7xx_HAL_Driver/Src/stm32h7xx_hal_uart.o
 .text.UART_RxISR_16BIT_FIFOEN
                0x0800a9c4      0x220 ./Drivers/STM32H7xx_HAL_Driver/Src/stm32h7xx_hal_uart.o
 .text.UART_SetConfig
                0x0800abe4      0x38c ./Drivers/STM32H7xx_HAL_Driver/Src/stm32h7xx_hal_uart.o
                0x0800abe4                UART_SetConfig
 .text.UART_AdvFeatureConfig
                0x0800af70       0xb0 ./Drivers/STM32H7xx_HAL_Driver/Src/stm32h7xx_hal_uart.o
                0x0800af70                UART_AdvFeatureConfig
 .text.UART_CheckIdleState
                0x0800b020      0x258 ./Drivers/STM32H7xx_HAL_Driver/Src/stm32h7xx_hal_uart.o
                0x0800b020                UART_CheckIdleState
 .text.HAL_UART_Init
                0x0800b278       0x68 ./Drivers/STM32H7xx_HAL_Driver/Src/stm32h7xx_hal_uart.o
                0x0800b278                HAL_UART_Init
 .text.HAL_UARTEx_WakeupCallback
                0x0800b2e0        0x4 ./Drivers/STM32H7xx_HAL_Driver/Src/stm32h7xx_hal_uart_ex.o
                0x0800b2e0                HAL_UARTEx_WakeupCallback
 .text.HAL_UARTEx_RxFifoFullCallback
                0x0800b2e4        0x4 ./Drivers/STM32H7xx_HAL_Driver/Src/stm32h7xx_hal_uart_ex.o
                0x0800b2e4                HAL_UARTEx_RxFifoFullCallback
 .text.HAL_UARTEx_TxFifoEmptyCallback
                0x0800b2e8        0x4 ./Drivers/STM32H7xx_HAL_Driver/Src/stm32h7xx_hal_uart_ex.o
                0x0800b2e8                HAL_UARTEx_TxFifoEmptyCallback
 .text.HAL_UARTEx_DisableFifoMode
                0x0800b2ec       0x3c ./Drivers/STM32H7xx_HAL_Driver/Src/stm32h7xx_hal_uart_ex.o
                0x0800b2ec                HAL_UARTEx_DisableFifoMode
 .text.HAL_UARTEx_SetTxFifoThreshold
                0x0800b328       0x84 ./Drivers/STM32H7xx_HAL_Driver/Src/stm32h7xx_hal_uart_ex.o
                0x0800b328                HAL_UARTEx_SetTxFifoThreshold
 .text.HAL_UARTEx_SetRxFifoThreshold
                0x0800b3ac       0x84 ./Drivers/STM32H7xx_HAL_Driver/Src/stm32h7xx_hal_uart_ex.o
                0x0800b3ac                HAL_UARTEx_SetRxFifoThreshold
 .text.USB_CoreInit
                0x0800b430      0x11c ./Drivers/STM32H7xx_HAL_Driver/Src/stm32h7xx_ll_usb.o
                0x0800b430                USB_CoreInit
 .text.USB_SetTurnaroundTime
                0x0800b54c       0xf4 ./Drivers/STM32H7xx_HAL_Driver/Src/stm32h7xx_ll_usb.o
                0x0800b54c                USB_SetTurnaroundTime
 .text.USB_EnableGlobalInt
                0x0800b640       0x10 ./Drivers/STM32H7xx_HAL_Driver/Src/stm32h7xx_ll_usb.o
                0x0800b640                USB_EnableGlobalInt
 .text.USB_DisableGlobalInt
                0x0800b650       0x10 ./Drivers/STM32H7xx_HAL_Driver/Src/stm32h7xx_ll_usb.o
                0x0800b650                USB_DisableGlobalInt
 .text.USB_SetCurrentMode
                0x0800b660       0x6c ./Drivers/STM32H7xx_HAL_Driver/Src/stm32h7xx_ll_usb.o
                0x0800b660                USB_SetCurrentMode
 .text.USB_DevInit
                0x0800b6cc      0x26c ./Drivers/STM32H7xx_HAL_Driver/Src/stm32h7xx_ll_usb.o
                0x0800b6cc                USB_DevInit
 .text.USB_FlushTxFifo
                0x0800b938       0x50 ./Drivers/STM32H7xx_HAL_Driver/Src/stm32h7xx_ll_usb.o
                0x0800b938                USB_FlushTxFifo
 .text.USB_GetDevSpeed
                0x0800b988       0x18 ./Drivers/STM32H7xx_HAL_Driver/Src/stm32h7xx_ll_usb.o
                0x0800b988                USB_GetDevSpeed
 .text.USB_ActivateEndpoint
                0x0800b9a0       0x8c ./Drivers/STM32H7xx_HAL_Driver/Src/stm32h7xx_ll_usb.o
                0x0800b9a0                USB_ActivateEndpoint
 .text.USB_DeactivateEndpoint
                0x0800ba2c       0xbc ./Drivers/STM32H7xx_HAL_Driver/Src/stm32h7xx_ll_usb.o
                0x0800ba2c                USB_DeactivateEndpoint
 .text.USB_EPStartXfer
                0x0800bae8      0x234 ./Drivers/STM32H7xx_HAL_Driver/Src/stm32h7xx_ll_usb.o
                0x0800bae8                USB_EPStartXfer
 .text.USB_EPStopXfer
                0x0800bd1c       0x94 ./Drivers/STM32H7xx_HAL_Driver/Src/stm32h7xx_ll_usb.o
                0x0800bd1c                USB_EPStopXfer
 .text.USB_WritePacket
                0x0800bdb0       0x2c ./Drivers/STM32H7xx_HAL_Driver/Src/stm32h7xx_ll_usb.o
                0x0800bdb0                USB_WritePacket
 .text.USB_ReadPacket
                0x0800bddc       0x48 ./Drivers/STM32H7xx_HAL_Driver/Src/stm32h7xx_ll_usb.o
                0x0800bddc                USB_ReadPacket
 .text.USB_EPSetStall
                0x0800be24       0x70 ./Drivers/STM32H7xx_HAL_Driver/Src/stm32h7xx_ll_usb.o
                0x0800be24                USB_EPSetStall
 .text.USB_EPClearStall
                0x0800be94       0x58 ./Drivers/STM32H7xx_HAL_Driver/Src/stm32h7xx_ll_usb.o
                0x0800be94                USB_EPClearStall
 .text.USB_SetDevAddress
                0x0800beec       0x24 ./Drivers/STM32H7xx_HAL_Driver/Src/stm32h7xx_ll_usb.o
                0x0800beec                USB_SetDevAddress
 .text.USB_DevConnect
                0x0800bf10       0x20 ./Drivers/STM32H7xx_HAL_Driver/Src/stm32h7xx_ll_usb.o
                0x0800bf10                USB_DevConnect
 .text.USB_DevDisconnect
                0x0800bf30       0x20 ./Drivers/STM32H7xx_HAL_Driver/Src/stm32h7xx_ll_usb.o
                0x0800bf30                USB_DevDisconnect
 .text.USB_ReadInterrupts
                0x0800bf50        0x8 ./Drivers/STM32H7xx_HAL_Driver/Src/stm32h7xx_ll_usb.o
                0x0800bf50                USB_ReadInterrupts
 .text.USB_ReadDevAllOutEpInterrupt
                0x0800bf58       0x10 ./Drivers/STM32H7xx_HAL_Driver/Src/stm32h7xx_ll_usb.o
                0x0800bf58                USB_ReadDevAllOutEpInterrupt
 .text.USB_ReadDevAllInEpInterrupt
                0x0800bf68       0x10 ./Drivers/STM32H7xx_HAL_Driver/Src/stm32h7xx_ll_usb.o
                0x0800bf68                USB_ReadDevAllInEpInterrupt
 .text.USB_ReadDevOutEPInterrupt
                0x0800bf78       0x14 ./Drivers/STM32H7xx_HAL_Driver/Src/stm32h7xx_ll_usb.o
                0x0800bf78                USB_ReadDevOutEPInterrupt
 .text.USB_ReadDevInEPInterrupt
                0x0800bf8c       0x20 ./Drivers/STM32H7xx_HAL_Driver/Src/stm32h7xx_ll_usb.o
                0x0800bf8c                USB_ReadDevInEPInterrupt
 .text.USB_GetMode
                0x0800bfac        0x8 ./Drivers/STM32H7xx_HAL_Driver/Src/stm32h7xx_ll_usb.o
                0x0800bfac                USB_GetMode
 .text.USB_ActivateSetup
                0x0800bfb4       0x20 ./Drivers/STM32H7xx_HAL_Driver/Src/stm32h7xx_ll_usb.o
                0x0800bfb4                USB_ActivateSetup
 .text.USB_EP0_OutStart
                0x0800bfd4       0x50 ./Drivers/STM32H7xx_HAL_Driver/Src/stm32h7xx_ll_usb.o
                0x0800bfd4                USB_EP0_OutStart
 .text.USBD_CDC_EP0_RxReady
                0x0800c024       0x38 ./Middlewares/ST/STM32_USB_Device_Library/Class/CDC/Src/usbd_cdc.o
 .text.USBD_CDC_GetDeviceQualifierDescriptor
                0x0800c05c       0x10 ./Middlewares/ST/STM32_USB_Device_Library/Class/CDC/Src/usbd_cdc.o
                0x0800c05c                USBD_CDC_GetDeviceQualifierDescriptor
 .text.USBD_CDC_GetFSCfgDesc
                0x0800c06c       0x48 ./Middlewares/ST/STM32_USB_Device_Library/Class/CDC/Src/usbd_cdc.o
 .text.USBD_CDC_GetHSCfgDesc
                0x0800c0b4       0x48 ./Middlewares/ST/STM32_USB_Device_Library/Class/CDC/Src/usbd_cdc.o
 .text.USBD_CDC_DataOut
                0x0800c0fc       0x38 ./Middlewares/ST/STM32_USB_Device_Library/Class/CDC/Src/usbd_cdc.o
 .text.USBD_CDC_DataIn
                0x0800c134       0x6c ./Middlewares/ST/STM32_USB_Device_Library/Class/CDC/Src/usbd_cdc.o
 .text.USBD_CDC_Setup
                0x0800c1a0       0xfc ./Middlewares/ST/STM32_USB_Device_Library/Class/CDC/Src/usbd_cdc.o
 .text.USBD_CDC_DeInit
                0x0800c29c       0x5c ./Middlewares/ST/STM32_USB_Device_Library/Class/CDC/Src/usbd_cdc.o
 .text.USBD_CDC_Init
                0x0800c2f8       0xd8 ./Middlewares/ST/STM32_USB_Device_Library/Class/CDC/Src/usbd_cdc.o
 .text.USBD_CDC_GetOtherSpeedCfgDesc
                0x0800c3d0       0x48 ./Middlewares/ST/STM32_USB_Device_Library/Class/CDC/Src/usbd_cdc.o
 .text.USBD_CDC_RegisterInterface
                0x0800c418       0x18 ./Middlewares/ST/STM32_USB_Device_Library/Class/CDC/Src/usbd_cdc.o
                0x0800c418                USBD_CDC_RegisterInterface
 .text.USBD_CDC_SetTxBuffer
                0x0800c430       0x1c ./Middlewares/ST/STM32_USB_Device_Library/Class/CDC/Src/usbd_cdc.o
                0x0800c430                USBD_CDC_SetTxBuffer
 .text.USBD_CDC_SetRxBuffer
                0x0800c44c       0x18 ./Middlewares/ST/STM32_USB_Device_Library/Class/CDC/Src/usbd_cdc.o
                0x0800c44c                USBD_CDC_SetRxBuffer
 .text.USBD_CDC_TransmitPacket
                0x0800c464       0x38 ./Middlewares/ST/STM32_USB_Device_Library/Class/CDC/Src/usbd_cdc.o
                0x0800c464                USBD_CDC_TransmitPacket
 .text.USBD_CDC_ReceivePacket
                0x0800c49c       0x34 ./Middlewares/ST/STM32_USB_Device_Library/Class/CDC/Src/usbd_cdc.o
                0x0800c49c                USBD_CDC_ReceivePacket
 .text.USBD_Init
                0x0800c4d0       0x28 ./Middlewares/ST/STM32_USB_Device_Library/Core/Src/usbd_core.o
                0x0800c4d0                USBD_Init
 .text.USBD_RegisterClass
                0x0800c4f8       0x38 ./Middlewares/ST/STM32_USB_Device_Library/Core/Src/usbd_core.o
                0x0800c4f8                USBD_RegisterClass
 .text.USBD_Start
                0x0800c530        0x4 ./Middlewares/ST/STM32_USB_Device_Library/Core/Src/usbd_core.o
                0x0800c530                USBD_Start
 .text.USBD_SetClassConfig
                0x0800c534       0x10 ./Middlewares/ST/STM32_USB_Device_Library/Core/Src/usbd_core.o
                0x0800c534                USBD_SetClassConfig
 .text.USBD_ClrClassConfig
                0x0800c544       0x14 ./Middlewares/ST/STM32_USB_Device_Library/Core/Src/usbd_core.o
                0x0800c544                USBD_ClrClassConfig
 .text.USBD_LL_SetupStage
                0x0800c558       0x60 ./Middlewares/ST/STM32_USB_Device_Library/Core/Src/usbd_core.o
                0x0800c558                USBD_LL_SetupStage
 .text.USBD_LL_DataOutStage
                0x0800c5b8       0x74 ./Middlewares/ST/STM32_USB_Device_Library/Core/Src/usbd_core.o
                0x0800c5b8                USBD_LL_DataOutStage
 .text.USBD_LL_DataInStage
                0x0800c62c       0xc0 ./Middlewares/ST/STM32_USB_Device_Library/Core/Src/usbd_core.o
                0x0800c62c                USBD_LL_DataInStage
 .text.USBD_LL_Reset
                0x0800c6ec       0x5c ./Middlewares/ST/STM32_USB_Device_Library/Core/Src/usbd_core.o
                0x0800c6ec                USBD_LL_Reset
 .text.USBD_LL_SetSpeed
                0x0800c748        0x8 ./Middlewares/ST/STM32_USB_Device_Library/Core/Src/usbd_core.o
                0x0800c748                USBD_LL_SetSpeed
 .text.USBD_LL_Suspend
                0x0800c750       0x20 ./Middlewares/ST/STM32_USB_Device_Library/Core/Src/usbd_core.o
                0x0800c750                USBD_LL_Suspend
 .text.USBD_LL_Resume
                0x0800c770       0x18 ./Middlewares/ST/STM32_USB_Device_Library/Core/Src/usbd_core.o
                0x0800c770                USBD_LL_Resume
 .text.USBD_LL_SOF
                0x0800c788       0x20 ./Middlewares/ST/STM32_USB_Device_Library/Core/Src/usbd_core.o
                0x0800c788                USBD_LL_SOF
 .text.USBD_LL_IsoINIncomplete
                0x0800c7a8       0x2c ./Middlewares/ST/STM32_USB_Device_Library/Core/Src/usbd_core.o
                0x0800c7a8                USBD_LL_IsoINIncomplete
 .text.USBD_LL_IsoOUTIncomplete
                0x0800c7d4       0x2c ./Middlewares/ST/STM32_USB_Device_Library/Core/Src/usbd_core.o
                0x0800c7d4                USBD_LL_IsoOUTIncomplete
 .text.USBD_LL_DevConnected
                0x0800c800        0x4 ./Middlewares/ST/STM32_USB_Device_Library/Core/Src/usbd_core.o
                0x0800c800                USBD_LL_DevConnected
 .text.USBD_LL_DevDisconnected
                0x0800c804       0x24 ./Middlewares/ST/STM32_USB_Device_Library/Core/Src/usbd_core.o
                0x0800c804                USBD_LL_DevDisconnected
 .text.USBD_CoreFindIF
                0x0800c828        0x4 ./Middlewares/ST/STM32_USB_Device_Library/Core/Src/usbd_core.o
                0x0800c828                USBD_CoreFindIF
 .text.USBD_CoreFindEP
                0x0800c82c        0x4 ./Middlewares/ST/STM32_USB_Device_Library/Core/Src/usbd_core.o
                0x0800c82c                USBD_CoreFindEP
 .text.USBD_GetEpDesc
                0x0800c830       0x2c ./Middlewares/ST/STM32_USB_Device_Library/Core/Src/usbd_core.o
                0x0800c830                USBD_GetEpDesc
 .text.USBD_StdDevReq
                0x0800c85c      0x37c ./Middlewares/ST/STM32_USB_Device_Library/Core/Src/usbd_ctlreq.o
                0x0800c85c                USBD_StdDevReq
 .text.USBD_StdItfReq
                0x0800cbd8       0x80 ./Middlewares/ST/STM32_USB_Device_Library/Core/Src/usbd_ctlreq.o
                0x0800cbd8                USBD_StdItfReq
 .text.USBD_StdEPReq
                0x0800cc58      0x15c ./Middlewares/ST/STM32_USB_Device_Library/Core/Src/usbd_ctlreq.o
                0x0800cc58                USBD_StdEPReq
 .text.USBD_ParseSetupRequest
                0x0800cdb4       0x18 ./Middlewares/ST/STM32_USB_Device_Library/Core/Src/usbd_ctlreq.o
                0x0800cdb4                USBD_ParseSetupRequest
 .text.USBD_CtlError
                0x0800cdcc       0x18 ./Middlewares/ST/STM32_USB_Device_Library/Core/Src/usbd_ctlreq.o
                0x0800cdcc                USBD_CtlError
 .text.USBD_GetString
                0x0800cde4       0x58 ./Middlewares/ST/STM32_USB_Device_Library/Core/Src/usbd_ctlreq.o
                0x0800cde4                USBD_GetString
 .text.USBD_CtlSendData
                0x0800ce3c       0x1c ./Middlewares/ST/STM32_USB_Device_Library/Core/Src/usbd_ioreq.o
                0x0800ce3c                USBD_CtlSendData
 .text.USBD_CtlContinueSendData
                0x0800ce58       0x14 ./Middlewares/ST/STM32_USB_Device_Library/Core/Src/usbd_ioreq.o
                0x0800ce58                USBD_CtlContinueSendData
 .text.USBD_CtlPrepareRx
                0x0800ce6c       0x1c ./Middlewares/ST/STM32_USB_Device_Library/Core/Src/usbd_ioreq.o
                0x0800ce6c                USBD_CtlPrepareRx
 .text.USBD_CtlContinueRx
                0x0800ce88       0x14 ./Middlewares/ST/STM32_USB_Device_Library/Core/Src/usbd_ioreq.o
                0x0800ce88                USBD_CtlContinueRx
 .text.USBD_CtlSendStatus
                0x0800ce9c       0x18 ./Middlewares/ST/STM32_USB_Device_Library/Core/Src/usbd_ioreq.o
                0x0800ce9c                USBD_CtlSendStatus
 .text.USBD_CtlReceiveStatus
                0x0800ceb4       0x18 ./Middlewares/ST/STM32_USB_Device_Library/Core/Src/usbd_ioreq.o
                0x0800ceb4                USBD_CtlReceiveStatus
 .text.MX_USB_DEVICE_Init
                0x0800cecc       0x7c ./USB_DEVICE/App/usb_device.o
                0x0800cecc                MX_USB_DEVICE_Init
 .text.CDC_DeInit_HS
                0x0800cf48        0x4 ./USB_DEVICE/App/usbd_cdc_if.o
 .text.CDC_Control_HS
                0x0800cf4c        0x4 ./USB_DEVICE/App/usbd_cdc_if.o
 .text.CDC_TransmitCplt_HS
                0x0800cf50        0x4 ./USB_DEVICE/App/usbd_cdc_if.o
 .text.CDC_Receive_HS
                0x0800cf54       0x1c ./USB_DEVICE/App/usbd_cdc_if.o
 .text.CDC_Init_HS
                0x0800cf70       0x28 ./USB_DEVICE/App/usbd_cdc_if.o
 .text.CDC_Transmit_HS
                0x0800cf98       0x2c ./USB_DEVICE/App/usbd_cdc_if.o
                0x0800cf98                CDC_Transmit_HS
 .text.USBD_HS_DeviceDescriptor
                0x0800cfc4        0xc ./USB_DEVICE/App/usbd_desc.o
                0x0800cfc4                USBD_HS_DeviceDescriptor
 .text.USBD_HS_LangIDStrDescriptor
                0x0800cfd0        0xc ./USB_DEVICE/App/usbd_desc.o
                0x0800cfd0                USBD_HS_LangIDStrDescriptor
 .text.USBD_HS_ManufacturerStrDescriptor
                0x0800cfdc       0x1c ./USB_DEVICE/App/usbd_desc.o
                0x0800cfdc                USBD_HS_ManufacturerStrDescriptor
 .text.USBD_HS_ProductStrDescriptor
                0x0800cff8       0x1c ./USB_DEVICE/App/usbd_desc.o
                0x0800cff8                USBD_HS_ProductStrDescriptor
 .text.USBD_HS_ConfigStrDescriptor
                0x0800d014       0x1c ./USB_DEVICE/App/usbd_desc.o
                0x0800d014                USBD_HS_ConfigStrDescriptor
 .text.USBD_HS_InterfaceStrDescriptor
                0x0800d030       0x1c ./USB_DEVICE/App/usbd_desc.o
                0x0800d030                USBD_HS_InterfaceStrDescriptor
 .text.USBD_HS_SerialStrDescriptor
                0x0800d04c      0x154 ./USB_DEVICE/App/usbd_desc.o
                0x0800d04c                USBD_HS_SerialStrDescriptor
 .text.HAL_PCD_MspInit
                0x0800d1a0       0xe4 ./USB_DEVICE/Target/usbd_conf.o
                0x0800d1a0                HAL_PCD_MspInit
 .text.HAL_PCD_SetupStageCallback
                0x0800d284        0xc ./USB_DEVICE/Target/usbd_conf.o
                0x0800d284                HAL_PCD_SetupStageCallback
 .text.HAL_PCD_DataOutStageCallback
                0x0800d290       0x14 ./USB_DEVICE/Target/usbd_conf.o
                0x0800d290                HAL_PCD_DataOutStageCallback
 .text.HAL_PCD_DataInStageCallback
                0x0800d2a4       0x14 ./USB_DEVICE/Target/usbd_conf.o
                0x0800d2a4                HAL_PCD_DataInStageCallback
 .text.HAL_PCD_SOFCallback
                0x0800d2b8        0x8 ./USB_DEVICE/Target/usbd_conf.o
                0x0800d2b8                HAL_PCD_SOFCallback
 .text.HAL_PCD_ResetCallback
                0x0800d2c0       0x2c ./USB_DEVICE/Target/usbd_conf.o
                0x0800d2c0                HAL_PCD_ResetCallback
 .text.HAL_PCD_SuspendCallback
                0x0800d2ec       0x30 ./USB_DEVICE/Target/usbd_conf.o
                0x0800d2ec                HAL_PCD_SuspendCallback
 .text.HAL_PCD_ResumeCallback
                0x0800d31c        0x8 ./USB_DEVICE/Target/usbd_conf.o
                0x0800d31c                HAL_PCD_ResumeCallback
 .text.HAL_PCD_ISOOUTIncompleteCallback
                0x0800d324        0x8 ./USB_DEVICE/Target/usbd_conf.o
                0x0800d324                HAL_PCD_ISOOUTIncompleteCallback
 .text.HAL_PCD_ISOINIncompleteCallback
                0x0800d32c        0x8 ./USB_DEVICE/Target/usbd_conf.o
                0x0800d32c                HAL_PCD_ISOINIncompleteCallback
 .text.HAL_PCD_ConnectCallback
                0x0800d334        0x8 ./USB_DEVICE/Target/usbd_conf.o
                0x0800d334                HAL_PCD_ConnectCallback
 .text.HAL_PCD_DisconnectCallback
                0x0800d33c        0x8 ./USB_DEVICE/Target/usbd_conf.o
                0x0800d33c                HAL_PCD_DisconnectCallback
 .text.USBD_LL_Init
                0x0800d344       0x70 ./USB_DEVICE/Target/usbd_conf.o
                0x0800d344                USBD_LL_Init
 .text.USBD_LL_Start
                0x0800d3b4       0x18 ./USB_DEVICE/Target/usbd_conf.o
                0x0800d3b4                USBD_LL_Start
 .text.USBD_LL_OpenEP
                0x0800d3cc       0x1c ./USB_DEVICE/Target/usbd_conf.o
                0x0800d3cc                USBD_LL_OpenEP
 .text.USBD_LL_CloseEP
                0x0800d3e8       0x18 ./USB_DEVICE/Target/usbd_conf.o
                0x0800d3e8                USBD_LL_CloseEP
 .text.USBD_LL_StallEP
                0x0800d400       0x18 ./USB_DEVICE/Target/usbd_conf.o
                0x0800d400                USBD_LL_StallEP
 .text.USBD_LL_ClearStallEP
                0x0800d418       0x18 ./USB_DEVICE/Target/usbd_conf.o
                0x0800d418                USBD_LL_ClearStallEP
 .text.USBD_LL_IsStallEP
                0x0800d430       0x28 ./USB_DEVICE/Target/usbd_conf.o
                0x0800d430                USBD_LL_IsStallEP
 .text.USBD_LL_SetUSBAddress
                0x0800d458       0x18 ./USB_DEVICE/Target/usbd_conf.o
                0x0800d458                USBD_LL_SetUSBAddress
 .text.USBD_LL_Transmit
                0x0800d470       0x18 ./USB_DEVICE/Target/usbd_conf.o
                0x0800d470                USBD_LL_Transmit
 .text.USBD_LL_PrepareReceive
                0x0800d488       0x18 ./USB_DEVICE/Target/usbd_conf.o
                0x0800d488                USBD_LL_PrepareReceive
 .text.USBD_LL_GetRxDataSize
                0x0800d4a0        0x8 ./USB_DEVICE/Target/usbd_conf.o
                0x0800d4a0                USBD_LL_GetRxDataSize
 .text.USBD_static_malloc
                0x0800d4a8        0x8 ./USB_DEVICE/Target/usbd_conf.o
                0x0800d4a8                USBD_static_malloc
 .text.USBD_static_free
                0x0800d4b0        0x4 ./USB_DEVICE/Target/usbd_conf.o
                0x0800d4b0                USBD_static_free
 .text._strtoul_l.isra.0
                0x0800d4b4       0xdc C:/ST/STM32CubeIDE_1.19.0/STM32CubeIDE/plugins/com.st.stm32cube.ide.mcu.externaltools.gnu-tools-for-stm32.13.3.rel1.win32_1.0.0.202411081344/tools/bin/../lib/gcc/arm-none-eabi/13.3.1/../../../../arm-none-eabi/lib/thumb/v7e-m+dp/hard\libc_nano.a(libc_a-strtoul.o)
 .text.strtoul  0x0800d590       0x14 C:/ST/STM32CubeIDE_1.19.0/STM32CubeIDE/plugins/com.st.stm32cube.ide.mcu.externaltools.gnu-tools-for-stm32.13.3.rel1.win32_1.0.0.202411081344/tools/bin/../lib/gcc/arm-none-eabi/13.3.1/../../../../arm-none-eabi/lib/thumb/v7e-m+dp/hard\libc_nano.a(libc_a-strtoul.o)
                0x0800d590                strtoul
 .text.__cvt    0x0800d5a4       0xa8 C:/ST/STM32CubeIDE_1.19.0/STM32CubeIDE/plugins/com.st.stm32cube.ide.mcu.externaltools.gnu-tools-for-stm32.13.3.rel1.win32_1.0.0.202411081344/tools/bin/../lib/gcc/arm-none-eabi/13.3.1/../../../../arm-none-eabi/lib/thumb/v7e-m+dp/hard\libc_nano.a(libc_a-nano-vfprintf_float.o)
                0x0800d5a4                __cvt
 .text.__exponent
                0x0800d64c       0x74 C:/ST/STM32CubeIDE_1.19.0/STM32CubeIDE/plugins/com.st.stm32cube.ide.mcu.externaltools.gnu-tools-for-stm32.13.3.rel1.win32_1.0.0.202411081344/tools/bin/../lib/gcc/arm-none-eabi/13.3.1/../../../../arm-none-eabi/lib/thumb/v7e-m+dp/hard\libc_nano.a(libc_a-nano-vfprintf_float.o)
                0x0800d64c                __exponent
 .text._printf_float
                0x0800d6c0      0x434 C:/ST/STM32CubeIDE_1.19.0/STM32CubeIDE/plugins/com.st.stm32cube.ide.mcu.externaltools.gnu-tools-for-stm32.13.3.rel1.win32_1.0.0.202411081344/tools/bin/../lib/gcc/arm-none-eabi/13.3.1/../../../../arm-none-eabi/lib/thumb/v7e-m+dp/hard\libc_nano.a(libc_a-nano-vfprintf_float.o)
                0x0800d6c0                _printf_float
 .text._printf_common
                0x0800daf4       0xda C:/ST/STM32CubeIDE_1.19.0/STM32CubeIDE/plugins/com.st.stm32cube.ide.mcu.externaltools.gnu-tools-for-stm32.13.3.rel1.win32_1.0.0.202411081344/tools/bin/../lib/gcc/arm-none-eabi/13.3.1/../../../../arm-none-eabi/lib/thumb/v7e-m+dp/hard\libc_nano.a(libc_a-nano-vfprintf_i.o)
                0x0800daf4                _printf_common
 *fill*         0x0800dbce        0x2 
 .text._printf_i
                0x0800dbd0      0x23c C:/ST/STM32CubeIDE_1.19.0/STM32CubeIDE/plugins/com.st.stm32cube.ide.mcu.externaltools.gnu-tools-for-stm32.13.3.rel1.win32_1.0.0.202411081344/tools/bin/../lib/gcc/arm-none-eabi/13.3.1/../../../../arm-none-eabi/lib/thumb/v7e-m+dp/hard\libc_nano.a(libc_a-nano-vfprintf_i.o)
                0x0800dbd0                _printf_i
 .text.std      0x0800de0c       0x6c C:/ST/STM32CubeIDE_1.19.0/STM32CubeIDE/plugins/com.st.stm32cube.ide.mcu.externaltools.gnu-tools-for-stm32.13.3.rel1.win32_1.0.0.202411081344/tools/bin/../lib/gcc/arm-none-eabi/13.3.1/../../../../arm-none-eabi/lib/thumb/v7e-m+dp/hard\libc_nano.a(libc_a-findfp.o)
 .text.stdio_exit_handler
                0x0800de78       0x18 C:/ST/STM32CubeIDE_1.19.0/STM32CubeIDE/plugins/com.st.stm32cube.ide.mcu.externaltools.gnu-tools-for-stm32.13.3.rel1.win32_1.0.0.202411081344/tools/bin/../lib/gcc/arm-none-eabi/13.3.1/../../../../arm-none-eabi/lib/thumb/v7e-m+dp/hard\libc_nano.a(libc_a-findfp.o)
 .text.cleanup_stdio
                0x0800de90       0x40 C:/ST/STM32CubeIDE_1.19.0/STM32CubeIDE/plugins/com.st.stm32cube.ide.mcu.externaltools.gnu-tools-for-stm32.13.3.rel1.win32_1.0.0.202411081344/tools/bin/../lib/gcc/arm-none-eabi/13.3.1/../../../../arm-none-eabi/lib/thumb/v7e-m+dp/hard\libc_nano.a(libc_a-findfp.o)
 .text.global_stdio_init.part.0
                0x0800ded0       0x3c C:/ST/STM32CubeIDE_1.19.0/STM32CubeIDE/plugins/com.st.stm32cube.ide.mcu.externaltools.gnu-tools-for-stm32.13.3.rel1.win32_1.0.0.202411081344/tools/bin/../lib/gcc/arm-none-eabi/13.3.1/../../../../arm-none-eabi/lib/thumb/v7e-m+dp/hard\libc_nano.a(libc_a-findfp.o)
 .text.__sfp_lock_acquire
                0x0800df0c        0xc C:/ST/STM32CubeIDE_1.19.0/STM32CubeIDE/plugins/com.st.stm32cube.ide.mcu.externaltools.gnu-tools-for-stm32.13.3.rel1.win32_1.0.0.202411081344/tools/bin/../lib/gcc/arm-none-eabi/13.3.1/../../../../arm-none-eabi/lib/thumb/v7e-m+dp/hard\libc_nano.a(libc_a-findfp.o)
                0x0800df0c                __sfp_lock_acquire
 .text.__sfp_lock_release
                0x0800df18        0xc C:/ST/STM32CubeIDE_1.19.0/STM32CubeIDE/plugins/com.st.stm32cube.ide.mcu.externaltools.gnu-tools-for-stm32.13.3.rel1.win32_1.0.0.202411081344/tools/bin/../lib/gcc/arm-none-eabi/13.3.1/../../../../arm-none-eabi/lib/thumb/v7e-m+dp/hard\libc_nano.a(libc_a-findfp.o)
                0x0800df18                __sfp_lock_release
 .text.__sinit  0x0800df24       0x30 C:/ST/STM32CubeIDE_1.19.0/STM32CubeIDE/plugins/com.st.stm32cube.ide.mcu.externaltools.gnu-tools-for-stm32.13.3.rel1.win32_1.0.0.202411081344/tools/bin/../lib/gcc/arm-none-eabi/13.3.1/../../../../arm-none-eabi/lib/thumb/v7e-m+dp/hard\libc_nano.a(libc_a-findfp.o)
                0x0800df24                __sinit
 .text._fwalk_sglue
                0x0800df54       0x3c C:/ST/STM32CubeIDE_1.19.0/STM32CubeIDE/plugins/com.st.stm32cube.ide.mcu.externaltools.gnu-tools-for-stm32.13.3.rel1.win32_1.0.0.202411081344/tools/bin/../lib/gcc/arm-none-eabi/13.3.1/../../../../arm-none-eabi/lib/thumb/v7e-m+dp/hard\libc_nano.a(libc_a-fwalk.o)
                0x0800df54                _fwalk_sglue
 .text.printf   0x0800df90       0x24 C:/ST/STM32CubeIDE_1.19.0/STM32CubeIDE/plugins/com.st.stm32cube.ide.mcu.externaltools.gnu-tools-for-stm32.13.3.rel1.win32_1.0.0.202411081344/tools/bin/../lib/gcc/arm-none-eabi/13.3.1/../../../../arm-none-eabi/lib/thumb/v7e-m+dp/hard\libc_nano.a(libc_a-printf.o)
                0x0800df90                iprintf
                0x0800df90                printf
 .text.__sread  0x0800dfb4       0x22 C:/ST/STM32CubeIDE_1.19.0/STM32CubeIDE/plugins/com.st.stm32cube.ide.mcu.externaltools.gnu-tools-for-stm32.13.3.rel1.win32_1.0.0.202411081344/tools/bin/../lib/gcc/arm-none-eabi/13.3.1/../../../../arm-none-eabi/lib/thumb/v7e-m+dp/hard\libc_nano.a(libc_a-stdio.o)
                0x0800dfb4                __sread
 .text.__swrite
                0x0800dfd6       0x38 C:/ST/STM32CubeIDE_1.19.0/STM32CubeIDE/plugins/com.st.stm32cube.ide.mcu.externaltools.gnu-tools-for-stm32.13.3.rel1.win32_1.0.0.202411081344/tools/bin/../lib/gcc/arm-none-eabi/13.3.1/../../../../arm-none-eabi/lib/thumb/v7e-m+dp/hard\libc_nano.a(libc_a-stdio.o)
                0x0800dfd6                __swrite
 .text.__sseek  0x0800e00e       0x24 C:/ST/STM32CubeIDE_1.19.0/STM32CubeIDE/plugins/com.st.stm32cube.ide.mcu.externaltools.gnu-tools-for-stm32.13.3.rel1.win32_1.0.0.202411081344/tools/bin/../lib/gcc/arm-none-eabi/13.3.1/../../../../arm-none-eabi/lib/thumb/v7e-m+dp/hard\libc_nano.a(libc_a-stdio.o)
                0x0800e00e                __sseek
 .text.__sclose
                0x0800e032        0x8 C:/ST/STM32CubeIDE_1.19.0/STM32CubeIDE/plugins/com.st.stm32cube.ide.mcu.externaltools.gnu-tools-for-stm32.13.3.rel1.win32_1.0.0.202411081344/tools/bin/../lib/gcc/arm-none-eabi/13.3.1/../../../../arm-none-eabi/lib/thumb/v7e-m+dp/hard\libc_nano.a(libc_a-stdio.o)
                0x0800e032                __sclose
 *fill*         0x0800e03a        0x2 
 .text._vsprintf_r
                0x0800e03c       0x2c C:/ST/STM32CubeIDE_1.19.0/STM32CubeIDE/plugins/com.st.stm32cube.ide.mcu.externaltools.gnu-tools-for-stm32.13.3.rel1.win32_1.0.0.202411081344/tools/bin/../lib/gcc/arm-none-eabi/13.3.1/../../../../arm-none-eabi/lib/thumb/v7e-m+dp/hard\libc_nano.a(libc_a-vsprintf.o)
                0x0800e03c                _vsprintf_r
                0x0800e03c                _vsiprintf_r
 .text.vsprintf
                0x0800e068       0x14 C:/ST/STM32CubeIDE_1.19.0/STM32CubeIDE/plugins/com.st.stm32cube.ide.mcu.externaltools.gnu-tools-for-stm32.13.3.rel1.win32_1.0.0.202411081344/tools/bin/../lib/gcc/arm-none-eabi/13.3.1/../../../../arm-none-eabi/lib/thumb/v7e-m+dp/hard\libc_nano.a(libc_a-vsprintf.o)
                0x0800e068                vsiprintf
                0x0800e068                vsprintf
 .text.memset   0x0800e07c       0x10 C:/ST/STM32CubeIDE_1.19.0/STM32CubeIDE/plugins/com.st.stm32cube.ide.mcu.externaltools.gnu-tools-for-stm32.13.3.rel1.win32_1.0.0.202411081344/tools/bin/../lib/gcc/arm-none-eabi/13.3.1/../../../../arm-none-eabi/lib/thumb/v7e-m+dp/hard\libc_nano.a(libc_a-memset.o)
                0x0800e07c                memset
 .text.strncmp  0x0800e08c       0x24 C:/ST/STM32CubeIDE_1.19.0/STM32CubeIDE/plugins/com.st.stm32cube.ide.mcu.externaltools.gnu-tools-for-stm32.13.3.rel1.win32_1.0.0.202411081344/tools/bin/../lib/gcc/arm-none-eabi/13.3.1/../../../../arm-none-eabi/lib/thumb/v7e-m+dp/hard\libc_nano.a(libc_a-strncmp.o)
                0x0800e08c                strncmp
 .text._localeconv_r
                0x0800e0b0        0x8 C:/ST/STM32CubeIDE_1.19.0/STM32CubeIDE/plugins/com.st.stm32cube.ide.mcu.externaltools.gnu-tools-for-stm32.13.3.rel1.win32_1.0.0.202411081344/tools/bin/../lib/gcc/arm-none-eabi/13.3.1/../../../../arm-none-eabi/lib/thumb/v7e-m+dp/hard\libc_nano.a(libc_a-localeconv.o)
                0x0800e0b0                _localeconv_r
 .text._close_r
                0x0800e0b8       0x20 C:/ST/STM32CubeIDE_1.19.0/STM32CubeIDE/plugins/com.st.stm32cube.ide.mcu.externaltools.gnu-tools-for-stm32.13.3.rel1.win32_1.0.0.202411081344/tools/bin/../lib/gcc/arm-none-eabi/13.3.1/../../../../arm-none-eabi/lib/thumb/v7e-m+dp/hard\libc_nano.a(libc_a-closer.o)
                0x0800e0b8                _close_r
 .text._lseek_r
                0x0800e0d8       0x24 C:/ST/STM32CubeIDE_1.19.0/STM32CubeIDE/plugins/com.st.stm32cube.ide.mcu.externaltools.gnu-tools-for-stm32.13.3.rel1.win32_1.0.0.202411081344/tools/bin/../lib/gcc/arm-none-eabi/13.3.1/../../../../arm-none-eabi/lib/thumb/v7e-m+dp/hard\libc_nano.a(libc_a-lseekr.o)
                0x0800e0d8                _lseek_r
 .text._read_r  0x0800e0fc       0x24 C:/ST/STM32CubeIDE_1.19.0/STM32CubeIDE/plugins/com.st.stm32cube.ide.mcu.externaltools.gnu-tools-for-stm32.13.3.rel1.win32_1.0.0.202411081344/tools/bin/../lib/gcc/arm-none-eabi/13.3.1/../../../../arm-none-eabi/lib/thumb/v7e-m+dp/hard\libc_nano.a(libc_a-readr.o)
                0x0800e0fc                _read_r
 .text._write_r
                0x0800e120       0x24 C:/ST/STM32CubeIDE_1.19.0/STM32CubeIDE/plugins/com.st.stm32cube.ide.mcu.externaltools.gnu-tools-for-stm32.13.3.rel1.win32_1.0.0.202411081344/tools/bin/../lib/gcc/arm-none-eabi/13.3.1/../../../../arm-none-eabi/lib/thumb/v7e-m+dp/hard\libc_nano.a(libc_a-writer.o)
                0x0800e120                _write_r
 .text.__errno  0x0800e144        0xc C:/ST/STM32CubeIDE_1.19.0/STM32CubeIDE/plugins/com.st.stm32cube.ide.mcu.externaltools.gnu-tools-for-stm32.13.3.rel1.win32_1.0.0.202411081344/tools/bin/../lib/gcc/arm-none-eabi/13.3.1/../../../../arm-none-eabi/lib/thumb/v7e-m+dp/hard\libc_nano.a(libc_a-errno.o)
                0x0800e144                __errno
 .text.__libc_init_array
                0x0800e150       0x48 C:/ST/STM32CubeIDE_1.19.0/STM32CubeIDE/plugins/com.st.stm32cube.ide.mcu.externaltools.gnu-tools-for-stm32.13.3.rel1.win32_1.0.0.202411081344/tools/bin/../lib/gcc/arm-none-eabi/13.3.1/../../../../arm-none-eabi/lib/thumb/v7e-m+dp/hard\libc_nano.a(libc_a-init.o)
                0x0800e150                __libc_init_array
 .text.__retarget_lock_init_recursive
                0x0800e198        0x2 C:/ST/STM32CubeIDE_1.19.0/STM32CubeIDE/plugins/com.st.stm32cube.ide.mcu.externaltools.gnu-tools-for-stm32.13.3.rel1.win32_1.0.0.202411081344/tools/bin/../lib/gcc/arm-none-eabi/13.3.1/../../../../arm-none-eabi/lib/thumb/v7e-m+dp/hard\libc_nano.a(libc_a-lock.o)
                0x0800e198                __retarget_lock_init_recursive
 .text.__retarget_lock_acquire_recursive
                0x0800e19a        0x2 C:/ST/STM32CubeIDE_1.19.0/STM32CubeIDE/plugins/com.st.stm32cube.ide.mcu.externaltools.gnu-tools-for-stm32.13.3.rel1.win32_1.0.0.202411081344/tools/bin/../lib/gcc/arm-none-eabi/13.3.1/../../../../arm-none-eabi/lib/thumb/v7e-m+dp/hard\libc_nano.a(libc_a-lock.o)
                0x0800e19a                __retarget_lock_acquire_recursive
 .text.__retarget_lock_release_recursive
                0x0800e19c        0x2 C:/ST/STM32CubeIDE_1.19.0/STM32CubeIDE/plugins/com.st.stm32cube.ide.mcu.externaltools.gnu-tools-for-stm32.13.3.rel1.win32_1.0.0.202411081344/tools/bin/../lib/gcc/arm-none-eabi/13.3.1/../../../../arm-none-eabi/lib/thumb/v7e-m+dp/hard\libc_nano.a(libc_a-lock.o)
                0x0800e19c                __retarget_lock_release_recursive
 .text.memcpy   0x0800e19e       0x1c C:/ST/STM32CubeIDE_1.19.0/STM32CubeIDE/plugins/com.st.stm32cube.ide.mcu.externaltools.gnu-tools-for-stm32.13.3.rel1.win32_1.0.0.202411081344/tools/bin/../lib/gcc/arm-none-eabi/13.3.1/../../../../arm-none-eabi/lib/thumb/v7e-m+dp/hard\libc_nano.a(libc_a-memcpy-stub.o)
                0x0800e19e                memcpy
 .text.quorem   0x0800e1ba      0x110 C:/ST/STM32CubeIDE_1.19.0/STM32CubeIDE/plugins/com.st.stm32cube.ide.mcu.externaltools.gnu-tools-for-stm32.13.3.rel1.win32_1.0.0.202411081344/tools/bin/../lib/gcc/arm-none-eabi/13.3.1/../../../../arm-none-eabi/lib/thumb/v7e-m+dp/hard\libc_nano.a(libc_a-dtoa.o)
 *fill*         0x0800e2ca        0x6 
 .text._dtoa_r  0x0800e2d0      0xabc C:/ST/STM32CubeIDE_1.19.0/STM32CubeIDE/plugins/com.st.stm32cube.ide.mcu.externaltools.gnu-tools-for-stm32.13.3.rel1.win32_1.0.0.202411081344/tools/bin/../lib/gcc/arm-none-eabi/13.3.1/../../../../arm-none-eabi/lib/thumb/v7e-m+dp/hard\libc_nano.a(libc_a-dtoa.o)
                0x0800e2d0                _dtoa_r
 .text._free_r  0x0800ed8c       0x94 C:/ST/STM32CubeIDE_1.19.0/STM32CubeIDE/plugins/com.st.stm32cube.ide.mcu.externaltools.gnu-tools-for-stm32.13.3.rel1.win32_1.0.0.202411081344/tools/bin/../lib/gcc/arm-none-eabi/13.3.1/../../../../arm-none-eabi/lib/thumb/v7e-m+dp/hard\libc_nano.a(libc_a-freer.o)
                0x0800ed8c                _free_r
 .text.malloc   0x0800ee20       0x10 C:/ST/STM32CubeIDE_1.19.0/STM32CubeIDE/plugins/com.st.stm32cube.ide.mcu.externaltools.gnu-tools-for-stm32.13.3.rel1.win32_1.0.0.202411081344/tools/bin/../lib/gcc/arm-none-eabi/13.3.1/../../../../arm-none-eabi/lib/thumb/v7e-m+dp/hard\libc_nano.a(libc_a-malloc.o)
                0x0800ee20                malloc
 .text.sbrk_aligned
                0x0800ee30       0x44 C:/ST/STM32CubeIDE_1.19.0/STM32CubeIDE/plugins/com.st.stm32cube.ide.mcu.externaltools.gnu-tools-for-stm32.13.3.rel1.win32_1.0.0.202411081344/tools/bin/../lib/gcc/arm-none-eabi/13.3.1/../../../../arm-none-eabi/lib/thumb/v7e-m+dp/hard\libc_nano.a(libc_a-mallocr.o)
 .text._malloc_r
                0x0800ee74      0x100 C:/ST/STM32CubeIDE_1.19.0/STM32CubeIDE/plugins/com.st.stm32cube.ide.mcu.externaltools.gnu-tools-for-stm32.13.3.rel1.win32_1.0.0.202411081344/tools/bin/../lib/gcc/arm-none-eabi/13.3.1/../../../../arm-none-eabi/lib/thumb/v7e-m+dp/hard\libc_nano.a(libc_a-mallocr.o)
                0x0800ee74                _malloc_r
 .text.__malloc_lock
                0x0800ef74        0xc C:/ST/STM32CubeIDE_1.19.0/STM32CubeIDE/plugins/com.st.stm32cube.ide.mcu.externaltools.gnu-tools-for-stm32.13.3.rel1.win32_1.0.0.202411081344/tools/bin/../lib/gcc/arm-none-eabi/13.3.1/../../../../arm-none-eabi/lib/thumb/v7e-m+dp/hard\libc_nano.a(libc_a-mlock.o)
                0x0800ef74                __malloc_lock
 .text.__malloc_unlock
                0x0800ef80        0xc C:/ST/STM32CubeIDE_1.19.0/STM32CubeIDE/plugins/com.st.stm32cube.ide.mcu.externaltools.gnu-tools-for-stm32.13.3.rel1.win32_1.0.0.202411081344/tools/bin/../lib/gcc/arm-none-eabi/13.3.1/../../../../arm-none-eabi/lib/thumb/v7e-m+dp/hard\libc_nano.a(libc_a-mlock.o)
                0x0800ef80                __malloc_unlock
 .text._Balloc  0x0800ef8c       0x80 C:/ST/STM32CubeIDE_1.19.0/STM32CubeIDE/plugins/com.st.stm32cube.ide.mcu.externaltools.gnu-tools-for-stm32.13.3.rel1.win32_1.0.0.202411081344/tools/bin/../lib/gcc/arm-none-eabi/13.3.1/../../../../arm-none-eabi/lib/thumb/v7e-m+dp/hard\libc_nano.a(libc_a-mprec.o)
                0x0800ef8c                _Balloc
 .text._Bfree   0x0800f00c       0x44 C:/ST/STM32CubeIDE_1.19.0/STM32CubeIDE/plugins/com.st.stm32cube.ide.mcu.externaltools.gnu-tools-for-stm32.13.3.rel1.win32_1.0.0.202411081344/tools/bin/../lib/gcc/arm-none-eabi/13.3.1/../../../../arm-none-eabi/lib/thumb/v7e-m+dp/hard\libc_nano.a(libc_a-mprec.o)
                0x0800f00c                _Bfree
 .text.__multadd
                0x0800f050       0x8c C:/ST/STM32CubeIDE_1.19.0/STM32CubeIDE/plugins/com.st.stm32cube.ide.mcu.externaltools.gnu-tools-for-stm32.13.3.rel1.win32_1.0.0.202411081344/tools/bin/../lib/gcc/arm-none-eabi/13.3.1/../../../../arm-none-eabi/lib/thumb/v7e-m+dp/hard\libc_nano.a(libc_a-mprec.o)
                0x0800f050                __multadd
 .text.__hi0bits
                0x0800f0dc       0x3e C:/ST/STM32CubeIDE_1.19.0/STM32CubeIDE/plugins/com.st.stm32cube.ide.mcu.externaltools.gnu-tools-for-stm32.13.3.rel1.win32_1.0.0.202411081344/tools/bin/../lib/gcc/arm-none-eabi/13.3.1/../../../../arm-none-eabi/lib/thumb/v7e-m+dp/hard\libc_nano.a(libc_a-mprec.o)
                0x0800f0dc                __hi0bits
 .text.__lo0bits
                0x0800f11a       0x5a C:/ST/STM32CubeIDE_1.19.0/STM32CubeIDE/plugins/com.st.stm32cube.ide.mcu.externaltools.gnu-tools-for-stm32.13.3.rel1.win32_1.0.0.202411081344/tools/bin/../lib/gcc/arm-none-eabi/13.3.1/../../../../arm-none-eabi/lib/thumb/v7e-m+dp/hard\libc_nano.a(libc_a-mprec.o)
                0x0800f11a                __lo0bits
 .text.__i2b    0x0800f174       0x2c C:/ST/STM32CubeIDE_1.19.0/STM32CubeIDE/plugins/com.st.stm32cube.ide.mcu.externaltools.gnu-tools-for-stm32.13.3.rel1.win32_1.0.0.202411081344/tools/bin/../lib/gcc/arm-none-eabi/13.3.1/../../../../arm-none-eabi/lib/thumb/v7e-m+dp/hard\libc_nano.a(libc_a-mprec.o)
                0x0800f174                __i2b
 .text.__multiply
                0x0800f1a0      0x144 C:/ST/STM32CubeIDE_1.19.0/STM32CubeIDE/plugins/com.st.stm32cube.ide.mcu.externaltools.gnu-tools-for-stm32.13.3.rel1.win32_1.0.0.202411081344/tools/bin/../lib/gcc/arm-none-eabi/13.3.1/../../../../arm-none-eabi/lib/thumb/v7e-m+dp/hard\libc_nano.a(libc_a-mprec.o)
                0x0800f1a0                __multiply
 .text.__pow5mult
                0x0800f2e4       0xb4 C:/ST/STM32CubeIDE_1.19.0/STM32CubeIDE/plugins/com.st.stm32cube.ide.mcu.externaltools.gnu-tools-for-stm32.13.3.rel1.win32_1.0.0.202411081344/tools/bin/../lib/gcc/arm-none-eabi/13.3.1/../../../../arm-none-eabi/lib/thumb/v7e-m+dp/hard\libc_nano.a(libc_a-mprec.o)
                0x0800f2e4                __pow5mult
 .text.__lshift
                0x0800f398       0xd8 C:/ST/STM32CubeIDE_1.19.0/STM32CubeIDE/plugins/com.st.stm32cube.ide.mcu.externaltools.gnu-tools-for-stm32.13.3.rel1.win32_1.0.0.202411081344/tools/bin/../lib/gcc/arm-none-eabi/13.3.1/../../../../arm-none-eabi/lib/thumb/v7e-m+dp/hard\libc_nano.a(libc_a-mprec.o)
                0x0800f398                __lshift
 .text.__mcmp   0x0800f470       0x36 C:/ST/STM32CubeIDE_1.19.0/STM32CubeIDE/plugins/com.st.stm32cube.ide.mcu.externaltools.gnu-tools-for-stm32.13.3.rel1.win32_1.0.0.202411081344/tools/bin/../lib/gcc/arm-none-eabi/13.3.1/../../../../arm-none-eabi/lib/thumb/v7e-m+dp/hard\libc_nano.a(libc_a-mprec.o)
                0x0800f470                __mcmp
 *fill*         0x0800f4a6        0x2 
 .text.__mdiff  0x0800f4a8      0x128 C:/ST/STM32CubeIDE_1.19.0/STM32CubeIDE/plugins/com.st.stm32cube.ide.mcu.externaltools.gnu-tools-for-stm32.13.3.rel1.win32_1.0.0.202411081344/tools/bin/../lib/gcc/arm-none-eabi/13.3.1/../../../../arm-none-eabi/lib/thumb/v7e-m+dp/hard\libc_nano.a(libc_a-mprec.o)
                0x0800f4a8                __mdiff
 .text.__d2b    0x0800f5d0       0xb0 C:/ST/STM32CubeIDE_1.19.0/STM32CubeIDE/plugins/com.st.stm32cube.ide.mcu.externaltools.gnu-tools-for-stm32.13.3.rel1.win32_1.0.0.202411081344/tools/bin/../lib/gcc/arm-none-eabi/13.3.1/../../../../arm-none-eabi/lib/thumb/v7e-m+dp/hard\libc_nano.a(libc_a-mprec.o)
                0x0800f5d0                __d2b
 .text.__ssputs_r
                0x0800f680       0xb6 C:/ST/STM32CubeIDE_1.19.0/STM32CubeIDE/plugins/com.st.stm32cube.ide.mcu.externaltools.gnu-tools-for-stm32.13.3.rel1.win32_1.0.0.202411081344/tools/bin/../lib/gcc/arm-none-eabi/13.3.1/../../../../arm-none-eabi/lib/thumb/v7e-m+dp/hard\libc_nano.a(libc_a-nano-svfprintf.o)
                0x0800f680                __ssputs_r
 *fill*         0x0800f736        0x2 
 .text._svfprintf_r
                0x0800f738      0x1f8 C:/ST/STM32CubeIDE_1.19.0/STM32CubeIDE/plugins/com.st.stm32cube.ide.mcu.externaltools.gnu-tools-for-stm32.13.3.rel1.win32_1.0.0.202411081344/tools/bin/../lib/gcc/arm-none-eabi/13.3.1/../../../../arm-none-eabi/lib/thumb/v7e-m+dp/hard\libc_nano.a(libc_a-nano-svfprintf.o)
                0x0800f738                _svfiprintf_r
                0x0800f738                _svfprintf_r
 .text.__sfputc_r
                0x0800f930       0x2e C:/ST/STM32CubeIDE_1.19.0/STM32CubeIDE/plugins/com.st.stm32cube.ide.mcu.externaltools.gnu-tools-for-stm32.13.3.rel1.win32_1.0.0.202411081344/tools/bin/../lib/gcc/arm-none-eabi/13.3.1/../../../../arm-none-eabi/lib/thumb/v7e-m+dp/hard\libc_nano.a(libc_a-nano-vfprintf.o)
 .text.__sfputs_r
                0x0800f95e       0x24 C:/ST/STM32CubeIDE_1.19.0/STM32CubeIDE/plugins/com.st.stm32cube.ide.mcu.externaltools.gnu-tools-for-stm32.13.3.rel1.win32_1.0.0.202411081344/tools/bin/../lib/gcc/arm-none-eabi/13.3.1/../../../../arm-none-eabi/lib/thumb/v7e-m+dp/hard\libc_nano.a(libc_a-nano-vfprintf.o)
                0x0800f95e                __sfputs_r
 *fill*         0x0800f982        0x2 
 .text._vfprintf_r
                0x0800f984      0x230 C:/ST/STM32CubeIDE_1.19.0/STM32CubeIDE/plugins/com.st.stm32cube.ide.mcu.externaltools.gnu-tools-for-stm32.13.3.rel1.win32_1.0.0.202411081344/tools/bin/../lib/gcc/arm-none-eabi/13.3.1/../../../../arm-none-eabi/lib/thumb/v7e-m+dp/hard\libc_nano.a(libc_a-nano-vfprintf.o)
                0x0800f984                _vfprintf_r
                0x0800f984                _vfiprintf_r
 .text.__sflush_r
                0x0800fbb4      0x108 C:/ST/STM32CubeIDE_1.19.0/STM32CubeIDE/plugins/com.st.stm32cube.ide.mcu.externaltools.gnu-tools-for-stm32.13.3.rel1.win32_1.0.0.202411081344/tools/bin/../lib/gcc/arm-none-eabi/13.3.1/../../../../arm-none-eabi/lib/thumb/v7e-m+dp/hard\libc_nano.a(libc_a-fflush.o)
                0x0800fbb4                __sflush_r
 .text._fflush_r
                0x0800fcbc       0x50 C:/ST/STM32CubeIDE_1.19.0/STM32CubeIDE/plugins/com.st.stm32cube.ide.mcu.externaltools.gnu-tools-for-stm32.13.3.rel1.win32_1.0.0.202411081344/tools/bin/../lib/gcc/arm-none-eabi/13.3.1/../../../../arm-none-eabi/lib/thumb/v7e-m+dp/hard\libc_nano.a(libc_a-fflush.o)
                0x0800fcbc                _fflush_r
 .text.__swbuf_r
                0x0800fd0c       0x7c C:/ST/STM32CubeIDE_1.19.0/STM32CubeIDE/plugins/com.st.stm32cube.ide.mcu.externaltools.gnu-tools-for-stm32.13.3.rel1.win32_1.0.0.202411081344/tools/bin/../lib/gcc/arm-none-eabi/13.3.1/../../../../arm-none-eabi/lib/thumb/v7e-m+dp/hard\libc_nano.a(libc_a-wbuf.o)
                0x0800fd0c                __swbuf_r
 .text.__swsetup_r
                0x0800fd88       0xac C:/ST/STM32CubeIDE_1.19.0/STM32CubeIDE/plugins/com.st.stm32cube.ide.mcu.externaltools.gnu-tools-for-stm32.13.3.rel1.win32_1.0.0.202411081344/tools/bin/../lib/gcc/arm-none-eabi/13.3.1/../../../../arm-none-eabi/lib/thumb/v7e-m+dp/hard\libc_nano.a(libc_a-wsetup.o)
                0x0800fd88                __swsetup_r
 .text.memmove  0x0800fe34       0x34 C:/ST/STM32CubeIDE_1.19.0/STM32CubeIDE/plugins/com.st.stm32cube.ide.mcu.externaltools.gnu-tools-for-stm32.13.3.rel1.win32_1.0.0.202411081344/tools/bin/../lib/gcc/arm-none-eabi/13.3.1/../../../../arm-none-eabi/lib/thumb/v7e-m+dp/hard\libc_nano.a(libc_a-memmove.o)
                0x0800fe34                memmove
 .text._sbrk_r  0x0800fe68       0x20 C:/ST/STM32CubeIDE_1.19.0/STM32CubeIDE/plugins/com.st.stm32cube.ide.mcu.externaltools.gnu-tools-for-stm32.13.3.rel1.win32_1.0.0.202411081344/tools/bin/../lib/gcc/arm-none-eabi/13.3.1/../../../../arm-none-eabi/lib/thumb/v7e-m+dp/hard\libc_nano.a(libc_a-sbrkr.o)
                0x0800fe68                _sbrk_r
 .text.__assert_func
                0x0800fe88       0x3c C:/ST/STM32CubeIDE_1.19.0/STM32CubeIDE/plugins/com.st.stm32cube.ide.mcu.externaltools.gnu-tools-for-stm32.13.3.rel1.win32_1.0.0.202411081344/tools/bin/../lib/gcc/arm-none-eabi/13.3.1/../../../../arm-none-eabi/lib/thumb/v7e-m+dp/hard\libc_nano.a(libc_a-assert.o)
                0x0800fe88                __assert_func
 .text._calloc_r
                0x0800fec4       0x28 C:/ST/STM32CubeIDE_1.19.0/STM32CubeIDE/plugins/com.st.stm32cube.ide.mcu.externaltools.gnu-tools-for-stm32.13.3.rel1.win32_1.0.0.202411081344/tools/bin/../lib/gcc/arm-none-eabi/13.3.1/../../../../arm-none-eabi/lib/thumb/v7e-m+dp/hard\libc_nano.a(libc_a-callocr.o)
                0x0800fec4                _calloc_r
 .text.__ascii_mbtowc
                0x0800feec       0x24 C:/ST/STM32CubeIDE_1.19.0/STM32CubeIDE/plugins/com.st.stm32cube.ide.mcu.externaltools.gnu-tools-for-stm32.13.3.rel1.win32_1.0.0.202411081344/tools/bin/../lib/gcc/arm-none-eabi/13.3.1/../../../../arm-none-eabi/lib/thumb/v7e-m+dp/hard\libc_nano.a(libc_a-mbtowc_r.o)
                0x0800feec                __ascii_mbtowc
 .text._realloc_r
                0x0800ff10       0x5c C:/ST/STM32CubeIDE_1.19.0/STM32CubeIDE/plugins/com.st.stm32cube.ide.mcu.externaltools.gnu-tools-for-stm32.13.3.rel1.win32_1.0.0.202411081344/tools/bin/../lib/gcc/arm-none-eabi/13.3.1/../../../../arm-none-eabi/lib/thumb/v7e-m+dp/hard\libc_nano.a(libc_a-reallocr.o)
                0x0800ff10                _realloc_r
 .text.__ascii_wctomb
                0x0800ff6c       0x1a C:/ST/STM32CubeIDE_1.19.0/STM32CubeIDE/plugins/com.st.stm32cube.ide.mcu.externaltools.gnu-tools-for-stm32.13.3.rel1.win32_1.0.0.202411081344/tools/bin/../lib/gcc/arm-none-eabi/13.3.1/../../../../arm-none-eabi/lib/thumb/v7e-m+dp/hard\libc_nano.a(libc_a-wctomb_r.o)
                0x0800ff6c                __ascii_wctomb
 *fill*         0x0800ff86        0x2 
 .text.fprintf  0x0800ff88       0x24 C:/ST/STM32CubeIDE_1.19.0/STM32CubeIDE/plugins/com.st.stm32cube.ide.mcu.externaltools.gnu-tools-for-stm32.13.3.rel1.win32_1.0.0.202411081344/tools/bin/../lib/gcc/arm-none-eabi/13.3.1/../../../../arm-none-eabi/lib/thumb/v7e-m+dp/hard\libc_nano.a(libc_a-fprintf.o)
                0x0800ff88                fiprintf
                0x0800ff88                fprintf
 .text.__swhatbuf_r
                0x0800ffac       0x4c C:/ST/STM32CubeIDE_1.19.0/STM32CubeIDE/plugins/com.st.stm32cube.ide.mcu.externaltools.gnu-tools-for-stm32.13.3.rel1.win32_1.0.0.202411081344/tools/bin/../lib/gcc/arm-none-eabi/13.3.1/../../../../arm-none-eabi/lib/thumb/v7e-m+dp/hard\libc_nano.a(libc_a-makebuf.o)
                0x0800ffac                __swhatbuf_r
 .text.__smakebuf_r
                0x0800fff8       0x78 C:/ST/STM32CubeIDE_1.19.0/STM32CubeIDE/plugins/com.st.stm32cube.ide.mcu.externaltools.gnu-tools-for-stm32.13.3.rel1.win32_1.0.0.202411081344/tools/bin/../lib/gcc/arm-none-eabi/13.3.1/../../../../arm-none-eabi/lib/thumb/v7e-m+dp/hard\libc_nano.a(libc_a-makebuf.o)
                0x0800fff8                __smakebuf_r
 .text._fstat_r
                0x08010070       0x24 C:/ST/STM32CubeIDE_1.19.0/STM32CubeIDE/plugins/com.st.stm32cube.ide.mcu.externaltools.gnu-tools-for-stm32.13.3.rel1.win32_1.0.0.202411081344/tools/bin/../lib/gcc/arm-none-eabi/13.3.1/../../../../arm-none-eabi/lib/thumb/v7e-m+dp/hard\libc_nano.a(libc_a-fstatr.o)
                0x08010070                _fstat_r
 .text._isatty_r
                0x08010094       0x20 C:/ST/STM32CubeIDE_1.19.0/STM32CubeIDE/plugins/com.st.stm32cube.ide.mcu.externaltools.gnu-tools-for-stm32.13.3.rel1.win32_1.0.0.202411081344/tools/bin/../lib/gcc/arm-none-eabi/13.3.1/../../../../arm-none-eabi/lib/thumb/v7e-m+dp/hard\libc_nano.a(libc_a-isattyr.o)
                0x08010094                _isatty_r
 .text.abort    0x080100b4        0xe C:/ST/STM32CubeIDE_1.19.0/STM32CubeIDE/plugins/com.st.stm32cube.ide.mcu.externaltools.gnu-tools-for-stm32.13.3.rel1.win32_1.0.0.202411081344/tools/bin/../lib/gcc/arm-none-eabi/13.3.1/../../../../arm-none-eabi/lib/thumb/v7e-m+dp/hard\libc_nano.a(libc_a-abort.o)
                0x080100b4                abort
 .text._malloc_usable_size_r
                0x080100c2       0x10 C:/ST/STM32CubeIDE_1.19.0/STM32CubeIDE/plugins/com.st.stm32cube.ide.mcu.externaltools.gnu-tools-for-stm32.13.3.rel1.win32_1.0.0.202411081344/tools/bin/../lib/gcc/arm-none-eabi/13.3.1/../../../../arm-none-eabi/lib/thumb/v7e-m+dp/hard\libc_nano.a(libc_a-msizer.o)
                0x080100c2                _malloc_usable_size_r
 .text._raise_r
                0x080100d2       0x50 C:/ST/STM32CubeIDE_1.19.0/STM32CubeIDE/plugins/com.st.stm32cube.ide.mcu.externaltools.gnu-tools-for-stm32.13.3.rel1.win32_1.0.0.202411081344/tools/bin/../lib/gcc/arm-none-eabi/13.3.1/../../../../arm-none-eabi/lib/thumb/v7e-m+dp/hard\libc_nano.a(libc_a-signal.o)
                0x080100d2                _raise_r
 *fill*         0x08010122        0x2 
 .text.raise    0x08010124       0x10 C:/ST/STM32CubeIDE_1.19.0/STM32CubeIDE/plugins/com.st.stm32cube.ide.mcu.externaltools.gnu-tools-for-stm32.13.3.rel1.win32_1.0.0.202411081344/tools/bin/../lib/gcc/arm-none-eabi/13.3.1/../../../../arm-none-eabi/lib/thumb/v7e-m+dp/hard\libc_nano.a(libc_a-signal.o)
                0x08010124                raise
 .text._kill_r  0x08010134       0x24 C:/ST/STM32CubeIDE_1.19.0/STM32CubeIDE/plugins/com.st.stm32cube.ide.mcu.externaltools.gnu-tools-for-stm32.13.3.rel1.win32_1.0.0.202411081344/tools/bin/../lib/gcc/arm-none-eabi/13.3.1/../../../../arm-none-eabi/lib/thumb/v7e-m+dp/hard\libc_nano.a(libc_a-signalr.o)
                0x08010134                _kill_r
 .text._getpid_r
                0x08010158        0x4 C:/ST/STM32CubeIDE_1.19.0/STM32CubeIDE/plugins/com.st.stm32cube.ide.mcu.externaltools.gnu-tools-for-stm32.13.3.rel1.win32_1.0.0.202411081344/tools/bin/../lib/gcc/arm-none-eabi/13.3.1/../../../../arm-none-eabi/lib/thumb/v7e-m+dp/hard\libc_nano.a(libc_a-signalr.o)
                0x08010158                _getpid_r
 .text.atan2f   0x0801015c        0x4 C:/ST/STM32CubeIDE_1.19.0/STM32CubeIDE/plugins/com.st.stm32cube.ide.mcu.externaltools.gnu-tools-for-stm32.13.3.rel1.win32_1.0.0.202411081344/tools/bin/../lib/gcc/arm-none-eabi/13.3.1/../../../../arm-none-eabi/lib/thumb/v7e-m+dp/hard\libm.a(libm_a-wf_atan2.o)
                0x0801015c                atan2f
 .text.sinf_poly